Archive member included to satisfy reference by file (symbol)

c:/arm/cross-cortex/bin/../lib/gcc/arm-none-eabi/10.3.1/../../../../arm-none-eabi/lib/thumb/v7e-m/nofp\libg_nano.a(lib_a-exit.o)
                              c:/arm/cross-cortex/bin/../lib/gcc/arm-none-eabi/10.3.1/../../../../arm-none-eabi/lib/thumb/v7e-m/nofp/crt0.o (exit)
c:/arm/cross-cortex/bin/../lib/gcc/arm-none-eabi/10.3.1/../../../../arm-none-eabi/lib/thumb/v7e-m/nofp\libg_nano.a(lib_a-impure.o)
                              c:/arm/cross-cortex/bin/../lib/gcc/arm-none-eabi/10.3.1/../../../../arm-none-eabi/lib/thumb/v7e-m/nofp\libg_nano.a(lib_a-exit.o) (_global_impure_ptr)
c:/arm/cross-cortex/bin/../lib/gcc/arm-none-eabi/10.3.1/../../../../arm-none-eabi/lib/thumb/v7e-m/nofp\libg_nano.a(lib_a-init.o)
                              c:/arm/cross-cortex/bin/../lib/gcc/arm-none-eabi/10.3.1/../../../../arm-none-eabi/lib/thumb/v7e-m/nofp/crt0.o (__libc_init_array)
c:/arm/cross-cortex/bin/../lib/gcc/arm-none-eabi/10.3.1/../../../../arm-none-eabi/lib/thumb/v7e-m/nofp\libg_nano.a(lib_a-memset.o)
                              c:/arm/cross-cortex/bin/../lib/gcc/arm-none-eabi/10.3.1/../../../../arm-none-eabi/lib/thumb/v7e-m/nofp/crt0.o (memset)
c:/arm/cross-cortex/bin/../lib/gcc/arm-none-eabi/10.3.1/../../../../arm-none-eabi/lib/thumb/v7e-m/nofp\libnosys.a(_exit.o)
                              c:/arm/cross-cortex/bin/../lib/gcc/arm-none-eabi/10.3.1/../../../../arm-none-eabi/lib/thumb/v7e-m/nofp\libg_nano.a(lib_a-exit.o) (_exit)

Discarded input sections

 .text          0x00000000        0x0 c:/arm/cross-cortex/bin/../lib/gcc/arm-none-eabi/10.3.1/thumb/v7e-m/nofp/crti.o
 .data          0x00000000        0x0 c:/arm/cross-cortex/bin/../lib/gcc/arm-none-eabi/10.3.1/thumb/v7e-m/nofp/crti.o
 .bss           0x00000000        0x0 c:/arm/cross-cortex/bin/../lib/gcc/arm-none-eabi/10.3.1/thumb/v7e-m/nofp/crti.o
 .data          0x00000000        0x4 c:/arm/cross-cortex/bin/../lib/gcc/arm-none-eabi/10.3.1/thumb/v7e-m/nofp/crtbegin.o
 .rodata        0x00000000       0x24 c:/arm/cross-cortex/bin/../lib/gcc/arm-none-eabi/10.3.1/thumb/v7e-m/nofp/crtbegin.o
 .text          0x00000000       0x7c c:/arm/cross-cortex/bin/../lib/gcc/arm-none-eabi/10.3.1/../../../../arm-none-eabi/lib/thumb/v7e-m/nofp/crt0.o
 .data          0x00000000        0x0 c:/arm/cross-cortex/bin/../lib/gcc/arm-none-eabi/10.3.1/../../../../arm-none-eabi/lib/thumb/v7e-m/nofp/crt0.o
 .bss           0x00000000        0x0 c:/arm/cross-cortex/bin/../lib/gcc/arm-none-eabi/10.3.1/../../../../arm-none-eabi/lib/thumb/v7e-m/nofp/crt0.o
 .ARM.extab     0x00000000        0x0 c:/arm/cross-cortex/bin/../lib/gcc/arm-none-eabi/10.3.1/../../../../arm-none-eabi/lib/thumb/v7e-m/nofp/crt0.o
 .ARM.exidx     0x00000000       0x10 c:/arm/cross-cortex/bin/../lib/gcc/arm-none-eabi/10.3.1/../../../../arm-none-eabi/lib/thumb/v7e-m/nofp/crt0.o
 .ARM.attributes
                0x00000000       0x1c c:/arm/cross-cortex/bin/../lib/gcc/arm-none-eabi/10.3.1/../../../../arm-none-eabi/lib/thumb/v7e-m/nofp/crt0.o
 .text          0x00000000        0x0 CMakeFiles/Appd.elf.dir/src/main.c.obj
 .data          0x00000000        0x0 CMakeFiles/Appd.elf.dir/src/main.c.obj
 .bss           0x00000000        0x0 CMakeFiles/Appd.elf.dir/src/main.c.obj
 .text.Error_Handler
                0x00000000        0x4 CMakeFiles/Appd.elf.dir/src/main.c.obj
 .text          0x00000000        0x0 CMakeFiles/Appd.elf.dir/src/stm32f4xx_it.c.obj
 .data          0x00000000        0x0 CMakeFiles/Appd.elf.dir/src/stm32f4xx_it.c.obj
 .bss           0x00000000        0x0 CMakeFiles/Appd.elf.dir/src/stm32f4xx_it.c.obj
 .text          0x00000000        0x0 CMakeFiles/Appd.elf.dir/src/system_stm32f4xx.c.obj
 .data          0x00000000        0x0 CMakeFiles/Appd.elf.dir/src/system_stm32f4xx.c.obj
 .bss           0x00000000        0x0 CMakeFiles/Appd.elf.dir/src/system_stm32f4xx.c.obj
 .text.SystemCoreClockUpdate
                0x00000000       0xa0 CMakeFiles/Appd.elf.dir/src/system_stm32f4xx.c.obj
 .data.AHBPrescTable
                0x00000000       0x10 CMakeFiles/Appd.elf.dir/src/system_stm32f4xx.c.obj
 .data.SystemCoreClock
                0x00000000        0x4 CMakeFiles/Appd.elf.dir/src/system_stm32f4xx.c.obj
 .text          0x00000000       0x14 CMakeFiles/Appd.elf.dir/src/startup_stm32f401xc.s.obj
 .data          0x00000000        0x0 CMakeFiles/Appd.elf.dir/src/startup_stm32f401xc.s.obj
 .bss           0x00000000        0x0 CMakeFiles/Appd.elf.dir/src/startup_stm32f401xc.s.obj
 .text          0x00000000        0x0 CMakeFiles/Appd.elf.dir/Libraries/STM32F4xx_StdPeriph_Driver/src/stm32f4xx_gpio.c.obj
 .data          0x00000000        0x0 CMakeFiles/Appd.elf.dir/Libraries/STM32F4xx_StdPeriph_Driver/src/stm32f4xx_gpio.c.obj
 .bss           0x00000000        0x0 CMakeFiles/Appd.elf.dir/Libraries/STM32F4xx_StdPeriph_Driver/src/stm32f4xx_gpio.c.obj
 .text.GPIO_DeInit
                0x00000000      0x1a8 CMakeFiles/Appd.elf.dir/Libraries/STM32F4xx_StdPeriph_Driver/src/stm32f4xx_gpio.c.obj
 .text.GPIO_StructInit
                0x00000000       0x12 CMakeFiles/Appd.elf.dir/Libraries/STM32F4xx_StdPeriph_Driver/src/stm32f4xx_gpio.c.obj
 .text.GPIO_PinLockConfig
                0x00000000       0xa0 CMakeFiles/Appd.elf.dir/Libraries/STM32F4xx_StdPeriph_Driver/src/stm32f4xx_gpio.c.obj
 .text.GPIO_ReadInputDataBit
                0x00000000       0xd8 CMakeFiles/Appd.elf.dir/Libraries/STM32F4xx_StdPeriph_Driver/src/stm32f4xx_gpio.c.obj
 .text.GPIO_ReadInputData
                0x00000000       0x74 CMakeFiles/Appd.elf.dir/Libraries/STM32F4xx_StdPeriph_Driver/src/stm32f4xx_gpio.c.obj
 .text.GPIO_ReadOutputDataBit
                0x00000000       0xd8 CMakeFiles/Appd.elf.dir/Libraries/STM32F4xx_StdPeriph_Driver/src/stm32f4xx_gpio.c.obj
 .text.GPIO_ReadOutputData
                0x00000000       0x74 CMakeFiles/Appd.elf.dir/Libraries/STM32F4xx_StdPeriph_Driver/src/stm32f4xx_gpio.c.obj
 .text.GPIO_WriteBit
                0x00000000       0xe8 CMakeFiles/Appd.elf.dir/Libraries/STM32F4xx_StdPeriph_Driver/src/stm32f4xx_gpio.c.obj
 .text.GPIO_Write
                0x00000000       0x74 CMakeFiles/Appd.elf.dir/Libraries/STM32F4xx_StdPeriph_Driver/src/stm32f4xx_gpio.c.obj
 .text.GPIO_ToggleBits
                0x00000000       0x78 CMakeFiles/Appd.elf.dir/Libraries/STM32F4xx_StdPeriph_Driver/src/stm32f4xx_gpio.c.obj
 .text.GPIO_PinAFConfig
                0x00000000       0xe8 CMakeFiles/Appd.elf.dir/Libraries/STM32F4xx_StdPeriph_Driver/src/stm32f4xx_gpio.c.obj
 .text          0x00000000        0x0 CMakeFiles/Appd.elf.dir/Libraries/STM32F4xx_StdPeriph_Driver/src/stm32f4xx_i2c.c.obj
 .data          0x00000000        0x0 CMakeFiles/Appd.elf.dir/Libraries/STM32F4xx_StdPeriph_Driver/src/stm32f4xx_i2c.c.obj
 .bss           0x00000000        0x0 CMakeFiles/Appd.elf.dir/Libraries/STM32F4xx_StdPeriph_Driver/src/stm32f4xx_i2c.c.obj
 .rodata.I2C_DeInit.str1.4
                0x00000000       0x3c CMakeFiles/Appd.elf.dir/Libraries/STM32F4xx_StdPeriph_Driver/src/stm32f4xx_i2c.c.obj
 .text.I2C_DeInit
                0x00000000       0x88 CMakeFiles/Appd.elf.dir/Libraries/STM32F4xx_StdPeriph_Driver/src/stm32f4xx_i2c.c.obj
 .text.I2C_Init
                0x00000000      0x18c CMakeFiles/Appd.elf.dir/Libraries/STM32F4xx_StdPeriph_Driver/src/stm32f4xx_i2c.c.obj
 .text.I2C_StructInit
                0x00000000       0x1c CMakeFiles/Appd.elf.dir/Libraries/STM32F4xx_StdPeriph_Driver/src/stm32f4xx_i2c.c.obj
 .text.I2C_Cmd  0x00000000       0x5c CMakeFiles/Appd.elf.dir/Libraries/STM32F4xx_StdPeriph_Driver/src/stm32f4xx_i2c.c.obj
 .text.I2C_AnalogFilterCmd
                0x00000000       0x5c CMakeFiles/Appd.elf.dir/Libraries/STM32F4xx_StdPeriph_Driver/src/stm32f4xx_i2c.c.obj
 .text.I2C_DigitalFilterConfig
                0x00000000       0x50 CMakeFiles/Appd.elf.dir/Libraries/STM32F4xx_StdPeriph_Driver/src/stm32f4xx_i2c.c.obj
 .text.I2C_GenerateSTART
                0x00000000       0x5c CMakeFiles/Appd.elf.dir/Libraries/STM32F4xx_StdPeriph_Driver/src/stm32f4xx_i2c.c.obj
 .text.I2C_GenerateSTOP
                0x00000000       0x5c CMakeFiles/Appd.elf.dir/Libraries/STM32F4xx_StdPeriph_Driver/src/stm32f4xx_i2c.c.obj
 .text.I2C_Send7bitAddress
                0x00000000       0x54 CMakeFiles/Appd.elf.dir/Libraries/STM32F4xx_StdPeriph_Driver/src/stm32f4xx_i2c.c.obj
 .text.I2C_AcknowledgeConfig
                0x00000000       0x5c CMakeFiles/Appd.elf.dir/Libraries/STM32F4xx_StdPeriph_Driver/src/stm32f4xx_i2c.c.obj
 .text.I2C_OwnAddress2Config
                0x00000000       0x40 CMakeFiles/Appd.elf.dir/Libraries/STM32F4xx_StdPeriph_Driver/src/stm32f4xx_i2c.c.obj
 .text.I2C_DualAddressCmd
                0x00000000       0x5c CMakeFiles/Appd.elf.dir/Libraries/STM32F4xx_StdPeriph_Driver/src/stm32f4xx_i2c.c.obj
 .text.I2C_GeneralCallCmd
                0x00000000       0x5c CMakeFiles/Appd.elf.dir/Libraries/STM32F4xx_StdPeriph_Driver/src/stm32f4xx_i2c.c.obj
 .text.I2C_SoftwareResetCmd
                0x00000000       0x5c CMakeFiles/Appd.elf.dir/Libraries/STM32F4xx_StdPeriph_Driver/src/stm32f4xx_i2c.c.obj
 .text.I2C_StretchClockCmd
                0x00000000       0x5c CMakeFiles/Appd.elf.dir/Libraries/STM32F4xx_StdPeriph_Driver/src/stm32f4xx_i2c.c.obj
 .text.I2C_FastModeDutyCycleConfig
                0x00000000       0x68 CMakeFiles/Appd.elf.dir/Libraries/STM32F4xx_StdPeriph_Driver/src/stm32f4xx_i2c.c.obj
 .text.I2C_NACKPositionConfig
                0x00000000       0x68 CMakeFiles/Appd.elf.dir/Libraries/STM32F4xx_StdPeriph_Driver/src/stm32f4xx_i2c.c.obj
 .text.I2C_SMBusAlertConfig
                0x00000000       0x68 CMakeFiles/Appd.elf.dir/Libraries/STM32F4xx_StdPeriph_Driver/src/stm32f4xx_i2c.c.obj
 .text.I2C_ARPCmd
                0x00000000       0x5c CMakeFiles/Appd.elf.dir/Libraries/STM32F4xx_StdPeriph_Driver/src/stm32f4xx_i2c.c.obj
 .text.I2C_SendData
                0x00000000       0x34 CMakeFiles/Appd.elf.dir/Libraries/STM32F4xx_StdPeriph_Driver/src/stm32f4xx_i2c.c.obj
 .text.I2C_ReceiveData
                0x00000000       0x34 CMakeFiles/Appd.elf.dir/Libraries/STM32F4xx_StdPeriph_Driver/src/stm32f4xx_i2c.c.obj
 .text.I2C_TransmitPEC
                0x00000000       0x5c CMakeFiles/Appd.elf.dir/Libraries/STM32F4xx_StdPeriph_Driver/src/stm32f4xx_i2c.c.obj
 .text.I2C_PECPositionConfig
                0x00000000       0x68 CMakeFiles/Appd.elf.dir/Libraries/STM32F4xx_StdPeriph_Driver/src/stm32f4xx_i2c.c.obj
 .text.I2C_CalculatePEC
                0x00000000       0x5c CMakeFiles/Appd.elf.dir/Libraries/STM32F4xx_StdPeriph_Driver/src/stm32f4xx_i2c.c.obj
 .text.I2C_GetPEC
                0x00000000       0x34 CMakeFiles/Appd.elf.dir/Libraries/STM32F4xx_StdPeriph_Driver/src/stm32f4xx_i2c.c.obj
 .text.I2C_DMACmd
                0x00000000       0x5c CMakeFiles/Appd.elf.dir/Libraries/STM32F4xx_StdPeriph_Driver/src/stm32f4xx_i2c.c.obj
 .text.I2C_DMALastTransferCmd
                0x00000000       0x5c CMakeFiles/Appd.elf.dir/Libraries/STM32F4xx_StdPeriph_Driver/src/stm32f4xx_i2c.c.obj
 .text.I2C_ReadRegister
                0x00000000       0x74 CMakeFiles/Appd.elf.dir/Libraries/STM32F4xx_StdPeriph_Driver/src/stm32f4xx_i2c.c.obj
 .text.I2C_ITConfig
                0x00000000       0x6c CMakeFiles/Appd.elf.dir/Libraries/STM32F4xx_StdPeriph_Driver/src/stm32f4xx_i2c.c.obj
 .text.I2C_CheckEvent
                0x00000000       0xf8 CMakeFiles/Appd.elf.dir/Libraries/STM32F4xx_StdPeriph_Driver/src/stm32f4xx_i2c.c.obj
 .text.I2C_GetLastEvent
                0x00000000       0x3c CMakeFiles/Appd.elf.dir/Libraries/STM32F4xx_StdPeriph_Driver/src/stm32f4xx_i2c.c.obj
 .text.I2C_GetFlagStatus
                0x00000000      0x100 CMakeFiles/Appd.elf.dir/Libraries/STM32F4xx_StdPeriph_Driver/src/stm32f4xx_i2c.c.obj
 .text.I2C_ClearFlag
                0x00000000       0x50 CMakeFiles/Appd.elf.dir/Libraries/STM32F4xx_StdPeriph_Driver/src/stm32f4xx_i2c.c.obj
 .text.I2C_GetITStatus
                0x00000000       0xc4 CMakeFiles/Appd.elf.dir/Libraries/STM32F4xx_StdPeriph_Driver/src/stm32f4xx_i2c.c.obj
 .text.I2C_ClearITPendingBit
                0x00000000       0x50 CMakeFiles/Appd.elf.dir/Libraries/STM32F4xx_StdPeriph_Driver/src/stm32f4xx_i2c.c.obj
 .debug_info    0x00000000     0x15fa CMakeFiles/Appd.elf.dir/Libraries/STM32F4xx_StdPeriph_Driver/src/stm32f4xx_i2c.c.obj
 .debug_abbrev  0x00000000      0x202 CMakeFiles/Appd.elf.dir/Libraries/STM32F4xx_StdPeriph_Driver/src/stm32f4xx_i2c.c.obj
 .debug_loc     0x00000000      0xeeb CMakeFiles/Appd.elf.dir/Libraries/STM32F4xx_StdPeriph_Driver/src/stm32f4xx_i2c.c.obj
 .debug_aranges
                0x00000000      0x130 CMakeFiles/Appd.elf.dir/Libraries/STM32F4xx_StdPeriph_Driver/src/stm32f4xx_i2c.c.obj
 .debug_ranges  0x00000000      0x120 CMakeFiles/Appd.elf.dir/Libraries/STM32F4xx_StdPeriph_Driver/src/stm32f4xx_i2c.c.obj
 .debug_line    0x00000000     0x106d CMakeFiles/Appd.elf.dir/Libraries/STM32F4xx_StdPeriph_Driver/src/stm32f4xx_i2c.c.obj
 .debug_str     0x00000000      0x71e CMakeFiles/Appd.elf.dir/Libraries/STM32F4xx_StdPeriph_Driver/src/stm32f4xx_i2c.c.obj
 .comment       0x00000000       0x4a CMakeFiles/Appd.elf.dir/Libraries/STM32F4xx_StdPeriph_Driver/src/stm32f4xx_i2c.c.obj
 .debug_frame   0x00000000      0x3e4 CMakeFiles/Appd.elf.dir/Libraries/STM32F4xx_StdPeriph_Driver/src/stm32f4xx_i2c.c.obj
 .ARM.attributes
                0x00000000       0x2e CMakeFiles/Appd.elf.dir/Libraries/STM32F4xx_StdPeriph_Driver/src/stm32f4xx_i2c.c.obj
 .text          0x00000000        0x0 CMakeFiles/Appd.elf.dir/Libraries/STM32F4xx_StdPeriph_Driver/src/stm32f4xx_flash.c.obj
 .data          0x00000000        0x0 CMakeFiles/Appd.elf.dir/Libraries/STM32F4xx_StdPeriph_Driver/src/stm32f4xx_flash.c.obj
 .bss           0x00000000        0x0 CMakeFiles/Appd.elf.dir/Libraries/STM32F4xx_StdPeriph_Driver/src/stm32f4xx_flash.c.obj
 .rodata.FLASH_SetLatency.str1.4
                0x00000000       0x3e CMakeFiles/Appd.elf.dir/Libraries/STM32F4xx_StdPeriph_Driver/src/stm32f4xx_flash.c.obj
 .text.FLASH_SetLatency
                0x00000000       0x24 CMakeFiles/Appd.elf.dir/Libraries/STM32F4xx_StdPeriph_Driver/src/stm32f4xx_flash.c.obj
 .text.FLASH_PrefetchBufferCmd
                0x00000000       0x38 CMakeFiles/Appd.elf.dir/Libraries/STM32F4xx_StdPeriph_Driver/src/stm32f4xx_flash.c.obj
 .text.FLASH_InstructionCacheCmd
                0x00000000       0x38 CMakeFiles/Appd.elf.dir/Libraries/STM32F4xx_StdPeriph_Driver/src/stm32f4xx_flash.c.obj
 .text.FLASH_DataCacheCmd
                0x00000000       0x38 CMakeFiles/Appd.elf.dir/Libraries/STM32F4xx_StdPeriph_Driver/src/stm32f4xx_flash.c.obj
 .text.FLASH_InstructionCacheReset
                0x00000000       0x10 CMakeFiles/Appd.elf.dir/Libraries/STM32F4xx_StdPeriph_Driver/src/stm32f4xx_flash.c.obj
 .text.FLASH_DataCacheReset
                0x00000000       0x10 CMakeFiles/Appd.elf.dir/Libraries/STM32F4xx_StdPeriph_Driver/src/stm32f4xx_flash.c.obj
 .text.FLASH_Unlock
                0x00000000       0x20 CMakeFiles/Appd.elf.dir/Libraries/STM32F4xx_StdPeriph_Driver/src/stm32f4xx_flash.c.obj
 .text.FLASH_Lock
                0x00000000       0x10 CMakeFiles/Appd.elf.dir/Libraries/STM32F4xx_StdPeriph_Driver/src/stm32f4xx_flash.c.obj
 .text.FLASH_OB_Unlock
                0x00000000       0x20 CMakeFiles/Appd.elf.dir/Libraries/STM32F4xx_StdPeriph_Driver/src/stm32f4xx_flash.c.obj
 .text.FLASH_OB_Lock
                0x00000000       0x10 CMakeFiles/Appd.elf.dir/Libraries/STM32F4xx_StdPeriph_Driver/src/stm32f4xx_flash.c.obj
 .text.FLASH_OB_PCROPSelectionConfig
                0x00000000       0x2c CMakeFiles/Appd.elf.dir/Libraries/STM32F4xx_StdPeriph_Driver/src/stm32f4xx_flash.c.obj
 .text.FLASH_OB_BootConfig
                0x00000000       0x30 CMakeFiles/Appd.elf.dir/Libraries/STM32F4xx_StdPeriph_Driver/src/stm32f4xx_flash.c.obj
 .text.FLASH_OB_BORConfig
                0x00000000       0x38 CMakeFiles/Appd.elf.dir/Libraries/STM32F4xx_StdPeriph_Driver/src/stm32f4xx_flash.c.obj
 .text.FLASH_OB_GetUser
                0x00000000       0x10 CMakeFiles/Appd.elf.dir/Libraries/STM32F4xx_StdPeriph_Driver/src/stm32f4xx_flash.c.obj
 .text.FLASH_OB_GetWRP
                0x00000000        0xc CMakeFiles/Appd.elf.dir/Libraries/STM32F4xx_StdPeriph_Driver/src/stm32f4xx_flash.c.obj
 .text.FLASH_OB_GetWRP1
                0x00000000        0xc CMakeFiles/Appd.elf.dir/Libraries/STM32F4xx_StdPeriph_Driver/src/stm32f4xx_flash.c.obj
 .text.FLASH_OB_GetPCROP
                0x00000000        0xc CMakeFiles/Appd.elf.dir/Libraries/STM32F4xx_StdPeriph_Driver/src/stm32f4xx_flash.c.obj
 .text.FLASH_OB_GetPCROP1
                0x00000000        0xc CMakeFiles/Appd.elf.dir/Libraries/STM32F4xx_StdPeriph_Driver/src/stm32f4xx_flash.c.obj
 .text.FLASH_OB_GetRDP
                0x00000000       0x18 CMakeFiles/Appd.elf.dir/Libraries/STM32F4xx_StdPeriph_Driver/src/stm32f4xx_flash.c.obj
 .text.FLASH_OB_GetBOR
                0x00000000       0x10 CMakeFiles/Appd.elf.dir/Libraries/STM32F4xx_StdPeriph_Driver/src/stm32f4xx_flash.c.obj
 .text.FLASH_ITConfig
                0x00000000       0x48 CMakeFiles/Appd.elf.dir/Libraries/STM32F4xx_StdPeriph_Driver/src/stm32f4xx_flash.c.obj
 .text.FLASH_GetFlagStatus
                0x00000000       0x4c CMakeFiles/Appd.elf.dir/Libraries/STM32F4xx_StdPeriph_Driver/src/stm32f4xx_flash.c.obj
 .text.FLASH_ClearFlag
                0x00000000       0x28 CMakeFiles/Appd.elf.dir/Libraries/STM32F4xx_StdPeriph_Driver/src/stm32f4xx_flash.c.obj
 .text.FLASH_GetStatus
                0x00000000       0x50 CMakeFiles/Appd.elf.dir/Libraries/STM32F4xx_StdPeriph_Driver/src/stm32f4xx_flash.c.obj
 .text.FLASH_WaitForLastOperation
                0x00000000       0x30 CMakeFiles/Appd.elf.dir/Libraries/STM32F4xx_StdPeriph_Driver/src/stm32f4xx_flash.c.obj
 .text.FLASH_EraseSector
                0x00000000       0xf0 CMakeFiles/Appd.elf.dir/Libraries/STM32F4xx_StdPeriph_Driver/src/stm32f4xx_flash.c.obj
 .text.FLASH_EraseAllSectors
                0x00000000       0x78 CMakeFiles/Appd.elf.dir/Libraries/STM32F4xx_StdPeriph_Driver/src/stm32f4xx_flash.c.obj
 .text.FLASH_EraseAllBank1Sectors
                0x00000000       0x78 CMakeFiles/Appd.elf.dir/Libraries/STM32F4xx_StdPeriph_Driver/src/stm32f4xx_flash.c.obj
 .text.FLASH_EraseAllBank2Sectors
                0x00000000       0x78 CMakeFiles/Appd.elf.dir/Libraries/STM32F4xx_StdPeriph_Driver/src/stm32f4xx_flash.c.obj
 .text.FLASH_ProgramDoubleWord
                0x00000000       0x6c CMakeFiles/Appd.elf.dir/Libraries/STM32F4xx_StdPeriph_Driver/src/stm32f4xx_flash.c.obj
 .text.FLASH_ProgramWord
                0x00000000       0x68 CMakeFiles/Appd.elf.dir/Libraries/STM32F4xx_StdPeriph_Driver/src/stm32f4xx_flash.c.obj
 .text.FLASH_ProgramHalfWord
                0x00000000       0x68 CMakeFiles/Appd.elf.dir/Libraries/STM32F4xx_StdPeriph_Driver/src/stm32f4xx_flash.c.obj
 .text.FLASH_ProgramByte
                0x00000000       0x64 CMakeFiles/Appd.elf.dir/Libraries/STM32F4xx_StdPeriph_Driver/src/stm32f4xx_flash.c.obj
 .text.FLASH_OB_WRPConfig
                0x00000000       0x5c CMakeFiles/Appd.elf.dir/Libraries/STM32F4xx_StdPeriph_Driver/src/stm32f4xx_flash.c.obj
 .text.FLASH_OB_WRP1Config
                0x00000000       0x5c CMakeFiles/Appd.elf.dir/Libraries/STM32F4xx_StdPeriph_Driver/src/stm32f4xx_flash.c.obj
 .text.FLASH_OB_PCROPConfig
                0x00000000       0x5c CMakeFiles/Appd.elf.dir/Libraries/STM32F4xx_StdPeriph_Driver/src/stm32f4xx_flash.c.obj
 .text.FLASH_OB_PCROP1Config
                0x00000000       0x5c CMakeFiles/Appd.elf.dir/Libraries/STM32F4xx_StdPeriph_Driver/src/stm32f4xx_flash.c.obj
 .text.FLASH_OB_RDPConfig
                0x00000000       0x30 CMakeFiles/Appd.elf.dir/Libraries/STM32F4xx_StdPeriph_Driver/src/stm32f4xx_flash.c.obj
 .text.FLASH_OB_UserConfig
                0x00000000       0x64 CMakeFiles/Appd.elf.dir/Libraries/STM32F4xx_StdPeriph_Driver/src/stm32f4xx_flash.c.obj
 .text.FLASH_OB_Launch
                0x00000000       0x18 CMakeFiles/Appd.elf.dir/Libraries/STM32F4xx_StdPeriph_Driver/src/stm32f4xx_flash.c.obj
 .debug_info    0x00000000      0xf2a CMakeFiles/Appd.elf.dir/Libraries/STM32F4xx_StdPeriph_Driver/src/stm32f4xx_flash.c.obj
 .debug_abbrev  0x00000000      0x1a3 CMakeFiles/Appd.elf.dir/Libraries/STM32F4xx_StdPeriph_Driver/src/stm32f4xx_flash.c.obj
 .debug_loc     0x00000000      0xe84 CMakeFiles/Appd.elf.dir/Libraries/STM32F4xx_StdPeriph_Driver/src/stm32f4xx_flash.c.obj
 .debug_aranges
                0x00000000      0x158 CMakeFiles/Appd.elf.dir/Libraries/STM32F4xx_StdPeriph_Driver/src/stm32f4xx_flash.c.obj
 .debug_ranges  0x00000000      0x148 CMakeFiles/Appd.elf.dir/Libraries/STM32F4xx_StdPeriph_Driver/src/stm32f4xx_flash.c.obj
 .debug_line    0x00000000      0xdef CMakeFiles/Appd.elf.dir/Libraries/STM32F4xx_StdPeriph_Driver/src/stm32f4xx_flash.c.obj
 .debug_str     0x00000000      0x6e2 CMakeFiles/Appd.elf.dir/Libraries/STM32F4xx_StdPeriph_Driver/src/stm32f4xx_flash.c.obj
 .comment       0x00000000       0x4a CMakeFiles/Appd.elf.dir/Libraries/STM32F4xx_StdPeriph_Driver/src/stm32f4xx_flash.c.obj
 .debug_frame   0x00000000      0x3a0 CMakeFiles/Appd.elf.dir/Libraries/STM32F4xx_StdPeriph_Driver/src/stm32f4xx_flash.c.obj
 .ARM.attributes
                0x00000000       0x2e CMakeFiles/Appd.elf.dir/Libraries/STM32F4xx_StdPeriph_Driver/src/stm32f4xx_flash.c.obj
 .text          0x00000000        0x0 CMakeFiles/Appd.elf.dir/Libraries/STM32F4xx_StdPeriph_Driver/src/stm32f4xx_rcc.c.obj
 .data          0x00000000        0x0 CMakeFiles/Appd.elf.dir/Libraries/STM32F4xx_StdPeriph_Driver/src/stm32f4xx_rcc.c.obj
 .bss           0x00000000        0x0 CMakeFiles/Appd.elf.dir/Libraries/STM32F4xx_StdPeriph_Driver/src/stm32f4xx_rcc.c.obj
 .text.RCC_DeInit
                0x00000000       0x40 CMakeFiles/Appd.elf.dir/Libraries/STM32F4xx_StdPeriph_Driver/src/stm32f4xx_rcc.c.obj
 .text.RCC_AdjustHSICalibrationValue
                0x00000000       0x2c CMakeFiles/Appd.elf.dir/Libraries/STM32F4xx_StdPeriph_Driver/src/stm32f4xx_rcc.c.obj
 .text.RCC_HSICmd
                0x00000000       0x24 CMakeFiles/Appd.elf.dir/Libraries/STM32F4xx_StdPeriph_Driver/src/stm32f4xx_rcc.c.obj
 .text.RCC_LSEConfig
                0x00000000       0x4c CMakeFiles/Appd.elf.dir/Libraries/STM32F4xx_StdPeriph_Driver/src/stm32f4xx_rcc.c.obj
 .text.RCC_LSICmd
                0x00000000       0x24 CMakeFiles/Appd.elf.dir/Libraries/STM32F4xx_StdPeriph_Driver/src/stm32f4xx_rcc.c.obj
 .text.RCC_PLLConfig
                0x00000000       0x98 CMakeFiles/Appd.elf.dir/Libraries/STM32F4xx_StdPeriph_Driver/src/stm32f4xx_rcc.c.obj
 .text.RCC_PLLI2SConfig
                0x00000000       0x44 CMakeFiles/Appd.elf.dir/Libraries/STM32F4xx_StdPeriph_Driver/src/stm32f4xx_rcc.c.obj
 .text.RCC_PLLI2SCmd
                0x00000000       0x24 CMakeFiles/Appd.elf.dir/Libraries/STM32F4xx_StdPeriph_Driver/src/stm32f4xx_rcc.c.obj
 .text.RCC_PLLSAIConfig
                0x00000000       0x5c CMakeFiles/Appd.elf.dir/Libraries/STM32F4xx_StdPeriph_Driver/src/stm32f4xx_rcc.c.obj
 .text.RCC_PLLSAICmd
                0x00000000       0x24 CMakeFiles/Appd.elf.dir/Libraries/STM32F4xx_StdPeriph_Driver/src/stm32f4xx_rcc.c.obj
 .text.RCC_ClockSecuritySystemCmd
                0x00000000       0x24 CMakeFiles/Appd.elf.dir/Libraries/STM32F4xx_StdPeriph_Driver/src/stm32f4xx_rcc.c.obj
 .text.RCC_MCO1Config
                0x00000000       0x64 CMakeFiles/Appd.elf.dir/Libraries/STM32F4xx_StdPeriph_Driver/src/stm32f4xx_rcc.c.obj
 .text.RCC_MCO2Config
                0x00000000       0x64 CMakeFiles/Appd.elf.dir/Libraries/STM32F4xx_StdPeriph_Driver/src/stm32f4xx_rcc.c.obj
 .text.RCC_GetSYSCLKSource
                0x00000000       0x10 CMakeFiles/Appd.elf.dir/Libraries/STM32F4xx_StdPeriph_Driver/src/stm32f4xx_rcc.c.obj
 .text.RCC_HCLKConfig
                0x00000000       0x48 CMakeFiles/Appd.elf.dir/Libraries/STM32F4xx_StdPeriph_Driver/src/stm32f4xx_rcc.c.obj
 .text.RCC_PCLK1Config
                0x00000000       0x40 CMakeFiles/Appd.elf.dir/Libraries/STM32F4xx_StdPeriph_Driver/src/stm32f4xx_rcc.c.obj
 .text.RCC_PCLK2Config
                0x00000000       0x44 CMakeFiles/Appd.elf.dir/Libraries/STM32F4xx_StdPeriph_Driver/src/stm32f4xx_rcc.c.obj
 .text.RCC_GetClocksFreq
                0x00000000       0xb4 CMakeFiles/Appd.elf.dir/Libraries/STM32F4xx_StdPeriph_Driver/src/stm32f4xx_rcc.c.obj
 .text.RCC_RTCCLKConfig
                0x00000000      0x144 CMakeFiles/Appd.elf.dir/Libraries/STM32F4xx_StdPeriph_Driver/src/stm32f4xx_rcc.c.obj
 .text.RCC_RTCCLKCmd
                0x00000000       0x24 CMakeFiles/Appd.elf.dir/Libraries/STM32F4xx_StdPeriph_Driver/src/stm32f4xx_rcc.c.obj
 .text.RCC_BackupResetCmd
                0x00000000       0x24 CMakeFiles/Appd.elf.dir/Libraries/STM32F4xx_StdPeriph_Driver/src/stm32f4xx_rcc.c.obj
 .text.RCC_I2SCLKConfig
                0x00000000       0x24 CMakeFiles/Appd.elf.dir/Libraries/STM32F4xx_StdPeriph_Driver/src/stm32f4xx_rcc.c.obj
 .text.RCC_SAIPLLI2SClkDivConfig
                0x00000000       0x30 CMakeFiles/Appd.elf.dir/Libraries/STM32F4xx_StdPeriph_Driver/src/stm32f4xx_rcc.c.obj
 .text.RCC_SAIPLLSAIClkDivConfig
                0x00000000       0x30 CMakeFiles/Appd.elf.dir/Libraries/STM32F4xx_StdPeriph_Driver/src/stm32f4xx_rcc.c.obj
 .text.RCC_LTDCCLKDivConfig
                0x00000000       0x40 CMakeFiles/Appd.elf.dir/Libraries/STM32F4xx_StdPeriph_Driver/src/stm32f4xx_rcc.c.obj
 .text.RCC_TIMCLKPresConfig
                0x00000000       0x24 CMakeFiles/Appd.elf.dir/Libraries/STM32F4xx_StdPeriph_Driver/src/stm32f4xx_rcc.c.obj
 .text.RCC_AHB2PeriphClockCmd
                0x00000000       0x48 CMakeFiles/Appd.elf.dir/Libraries/STM32F4xx_StdPeriph_Driver/src/stm32f4xx_rcc.c.obj
 .text.RCC_APB1PeriphClockCmd
                0x00000000       0x48 CMakeFiles/Appd.elf.dir/Libraries/STM32F4xx_StdPeriph_Driver/src/stm32f4xx_rcc.c.obj
 .text.RCC_APB2PeriphClockCmd
                0x00000000       0x4c CMakeFiles/Appd.elf.dir/Libraries/STM32F4xx_StdPeriph_Driver/src/stm32f4xx_rcc.c.obj
 .text.RCC_AHB1PeriphResetCmd
                0x00000000       0x4c CMakeFiles/Appd.elf.dir/Libraries/STM32F4xx_StdPeriph_Driver/src/stm32f4xx_rcc.c.obj
 .text.RCC_AHB2PeriphResetCmd
                0x00000000       0x48 CMakeFiles/Appd.elf.dir/Libraries/STM32F4xx_StdPeriph_Driver/src/stm32f4xx_rcc.c.obj
 .text.RCC_APB1PeriphResetCmd
                0x00000000       0x48 CMakeFiles/Appd.elf.dir/Libraries/STM32F4xx_StdPeriph_Driver/src/stm32f4xx_rcc.c.obj
 .text.RCC_APB2PeriphResetCmd
                0x00000000       0x4c CMakeFiles/Appd.elf.dir/Libraries/STM32F4xx_StdPeriph_Driver/src/stm32f4xx_rcc.c.obj
 .text.RCC_AHB1PeriphClockLPModeCmd
                0x00000000       0x4c CMakeFiles/Appd.elf.dir/Libraries/STM32F4xx_StdPeriph_Driver/src/stm32f4xx_rcc.c.obj
 .text.RCC_AHB2PeriphClockLPModeCmd
                0x00000000       0x48 CMakeFiles/Appd.elf.dir/Libraries/STM32F4xx_StdPeriph_Driver/src/stm32f4xx_rcc.c.obj
 .text.RCC_APB1PeriphClockLPModeCmd
                0x00000000       0x48 CMakeFiles/Appd.elf.dir/Libraries/STM32F4xx_StdPeriph_Driver/src/stm32f4xx_rcc.c.obj
 .text.RCC_APB2PeriphClockLPModeCmd
                0x00000000       0x4c CMakeFiles/Appd.elf.dir/Libraries/STM32F4xx_StdPeriph_Driver/src/stm32f4xx_rcc.c.obj
 .text.RCC_LSEModeConfig
                0x00000000       0x38 CMakeFiles/Appd.elf.dir/Libraries/STM32F4xx_StdPeriph_Driver/src/stm32f4xx_rcc.c.obj
 .text.RCC_WaitForHSEStartUp
                0x00000000       0x30 CMakeFiles/Appd.elf.dir/Libraries/STM32F4xx_StdPeriph_Driver/src/stm32f4xx_rcc.c.obj
 .text.RCC_ClearFlag
                0x00000000       0x10 CMakeFiles/Appd.elf.dir/Libraries/STM32F4xx_StdPeriph_Driver/src/stm32f4xx_rcc.c.obj
 .data.APBAHBPrescTable
                0x00000000       0x10 CMakeFiles/Appd.elf.dir/Libraries/STM32F4xx_StdPeriph_Driver/src/stm32f4xx_rcc.c.obj
 .text          0x00000000        0x0 CMakeFiles/Appd.elf.dir/Libraries/STM32F4xx_StdPeriph_Driver/src/stm32f4xx_exti.c.obj
 .data          0x00000000        0x0 CMakeFiles/Appd.elf.dir/Libraries/STM32F4xx_StdPeriph_Driver/src/stm32f4xx_exti.c.obj
 .bss           0x00000000        0x0 CMakeFiles/Appd.elf.dir/Libraries/STM32F4xx_StdPeriph_Driver/src/stm32f4xx_exti.c.obj
 .text.EXTI_DeInit
                0x00000000       0x1c CMakeFiles/Appd.elf.dir/Libraries/STM32F4xx_StdPeriph_Driver/src/stm32f4xx_exti.c.obj
 .rodata.EXTI_Init.str1.4
                0x00000000       0x3d CMakeFiles/Appd.elf.dir/Libraries/STM32F4xx_StdPeriph_Driver/src/stm32f4xx_exti.c.obj
 .text.EXTI_Init
                0x00000000       0xdc CMakeFiles/Appd.elf.dir/Libraries/STM32F4xx_StdPeriph_Driver/src/stm32f4xx_exti.c.obj
 .text.EXTI_StructInit
                0x00000000        0xe CMakeFiles/Appd.elf.dir/Libraries/STM32F4xx_StdPeriph_Driver/src/stm32f4xx_exti.c.obj
 .text.EXTI_GenerateSWInterrupt
                0x00000000       0x28 CMakeFiles/Appd.elf.dir/Libraries/STM32F4xx_StdPeriph_Driver/src/stm32f4xx_exti.c.obj
 .text.EXTI_GetFlagStatus
                0x00000000       0xa4 CMakeFiles/Appd.elf.dir/Libraries/STM32F4xx_StdPeriph_Driver/src/stm32f4xx_exti.c.obj
 .text.EXTI_ClearFlag
                0x00000000       0x24 CMakeFiles/Appd.elf.dir/Libraries/STM32F4xx_StdPeriph_Driver/src/stm32f4xx_exti.c.obj
 .text.EXTI_GetITStatus
                0x00000000       0xa8 CMakeFiles/Appd.elf.dir/Libraries/STM32F4xx_StdPeriph_Driver/src/stm32f4xx_exti.c.obj
 .text.EXTI_ClearITPendingBit
                0x00000000       0x24 CMakeFiles/Appd.elf.dir/Libraries/STM32F4xx_StdPeriph_Driver/src/stm32f4xx_exti.c.obj
 .debug_info    0x00000000      0x4a4 CMakeFiles/Appd.elf.dir/Libraries/STM32F4xx_StdPeriph_Driver/src/stm32f4xx_exti.c.obj
 .debug_abbrev  0x00000000      0x21b CMakeFiles/Appd.elf.dir/Libraries/STM32F4xx_StdPeriph_Driver/src/stm32f4xx_exti.c.obj
 .debug_loc     0x00000000      0x239 CMakeFiles/Appd.elf.dir/Libraries/STM32F4xx_StdPeriph_Driver/src/stm32f4xx_exti.c.obj
 .debug_aranges
                0x00000000       0x58 CMakeFiles/Appd.elf.dir/Libraries/STM32F4xx_StdPeriph_Driver/src/stm32f4xx_exti.c.obj
 .debug_ranges  0x00000000       0x48 CMakeFiles/Appd.elf.dir/Libraries/STM32F4xx_StdPeriph_Driver/src/stm32f4xx_exti.c.obj
 .debug_line    0x00000000      0x4e7 CMakeFiles/Appd.elf.dir/Libraries/STM32F4xx_StdPeriph_Driver/src/stm32f4xx_exti.c.obj
 .debug_str     0x00000000      0x3b5 CMakeFiles/Appd.elf.dir/Libraries/STM32F4xx_StdPeriph_Driver/src/stm32f4xx_exti.c.obj
 .comment       0x00000000       0x4a CMakeFiles/Appd.elf.dir/Libraries/STM32F4xx_StdPeriph_Driver/src/stm32f4xx_exti.c.obj
 .debug_frame   0x00000000       0xc0 CMakeFiles/Appd.elf.dir/Libraries/STM32F4xx_StdPeriph_Driver/src/stm32f4xx_exti.c.obj
 .ARM.attributes
                0x00000000       0x2e CMakeFiles/Appd.elf.dir/Libraries/STM32F4xx_StdPeriph_Driver/src/stm32f4xx_exti.c.obj
 .text          0x00000000        0x0 CMakeFiles/Appd.elf.dir/Libraries/STM32F4xx_StdPeriph_Driver/src/stm32f4xx_usart.c.obj
 .data          0x00000000        0x0 CMakeFiles/Appd.elf.dir/Libraries/STM32F4xx_StdPeriph_Driver/src/stm32f4xx_usart.c.obj
 .bss           0x00000000        0x0 CMakeFiles/Appd.elf.dir/Libraries/STM32F4xx_StdPeriph_Driver/src/stm32f4xx_usart.c.obj
 .rodata.USART_DeInit.str1.4
                0x00000000       0x3e CMakeFiles/Appd.elf.dir/Libraries/STM32F4xx_StdPeriph_Driver/src/stm32f4xx_usart.c.obj
 .text.USART_DeInit
                0x00000000      0x158 CMakeFiles/Appd.elf.dir/Libraries/STM32F4xx_StdPeriph_Driver/src/stm32f4xx_usart.c.obj
 .text.USART_Init
                0x00000000      0x1f8 CMakeFiles/Appd.elf.dir/Libraries/STM32F4xx_StdPeriph_Driver/src/stm32f4xx_usart.c.obj
 .text.USART_StructInit
                0x00000000       0x16 CMakeFiles/Appd.elf.dir/Libraries/STM32F4xx_StdPeriph_Driver/src/stm32f4xx_usart.c.obj
 .text.USART_ClockInit
                0x00000000       0xb0 CMakeFiles/Appd.elf.dir/Libraries/STM32F4xx_StdPeriph_Driver/src/stm32f4xx_usart.c.obj
 .text.USART_ClockStructInit
                0x00000000        0xc CMakeFiles/Appd.elf.dir/Libraries/STM32F4xx_StdPeriph_Driver/src/stm32f4xx_usart.c.obj
 .text.USART_Cmd
                0x00000000       0x94 CMakeFiles/Appd.elf.dir/Libraries/STM32F4xx_StdPeriph_Driver/src/stm32f4xx_usart.c.obj
 .text.USART_SetPrescaler
                0x00000000       0x7c CMakeFiles/Appd.elf.dir/Libraries/STM32F4xx_StdPeriph_Driver/src/stm32f4xx_usart.c.obj
 .text.USART_OverSampling8Cmd
                0x00000000       0x94 CMakeFiles/Appd.elf.dir/Libraries/STM32F4xx_StdPeriph_Driver/src/stm32f4xx_usart.c.obj
 .text.USART_OneBitMethodCmd
                0x00000000       0x94 CMakeFiles/Appd.elf.dir/Libraries/STM32F4xx_StdPeriph_Driver/src/stm32f4xx_usart.c.obj
 .text.USART_SendData
                0x00000000       0x80 CMakeFiles/Appd.elf.dir/Libraries/STM32F4xx_StdPeriph_Driver/src/stm32f4xx_usart.c.obj
 .text.USART_ReceiveData
                0x00000000       0x6c CMakeFiles/Appd.elf.dir/Libraries/STM32F4xx_StdPeriph_Driver/src/stm32f4xx_usart.c.obj
 .text.USART_SetAddress
                0x00000000       0x90 CMakeFiles/Appd.elf.dir/Libraries/STM32F4xx_StdPeriph_Driver/src/stm32f4xx_usart.c.obj
 .text.USART_ReceiverWakeUpCmd
                0x00000000       0x94 CMakeFiles/Appd.elf.dir/Libraries/STM32F4xx_StdPeriph_Driver/src/stm32f4xx_usart.c.obj
 .text.USART_WakeUpConfig
                0x00000000       0x94 CMakeFiles/Appd.elf.dir/Libraries/STM32F4xx_StdPeriph_Driver/src/stm32f4xx_usart.c.obj
 .text.USART_LINBreakDetectLengthConfig
                0x00000000       0x90 CMakeFiles/Appd.elf.dir/Libraries/STM32F4xx_StdPeriph_Driver/src/stm32f4xx_usart.c.obj
 .text.USART_LINCmd
                0x00000000       0x94 CMakeFiles/Appd.elf.dir/Libraries/STM32F4xx_StdPeriph_Driver/src/stm32f4xx_usart.c.obj
 .text.USART_SendBreak
                0x00000000       0x70 CMakeFiles/Appd.elf.dir/Libraries/STM32F4xx_StdPeriph_Driver/src/stm32f4xx_usart.c.obj
 .text.USART_HalfDuplexCmd
                0x00000000       0x94 CMakeFiles/Appd.elf.dir/Libraries/STM32F4xx_StdPeriph_Driver/src/stm32f4xx_usart.c.obj
 .text.USART_SetGuardTime
                0x00000000       0x48 CMakeFiles/Appd.elf.dir/Libraries/STM32F4xx_StdPeriph_Driver/src/stm32f4xx_usart.c.obj
 .text.USART_SmartCardCmd
                0x00000000       0x64 CMakeFiles/Appd.elf.dir/Libraries/STM32F4xx_StdPeriph_Driver/src/stm32f4xx_usart.c.obj
 .text.USART_SmartCardNACKCmd
                0x00000000       0x64 CMakeFiles/Appd.elf.dir/Libraries/STM32F4xx_StdPeriph_Driver/src/stm32f4xx_usart.c.obj
 .text.USART_IrDAConfig
                0x00000000       0x90 CMakeFiles/Appd.elf.dir/Libraries/STM32F4xx_StdPeriph_Driver/src/stm32f4xx_usart.c.obj
 .text.USART_IrDACmd
                0x00000000       0x94 CMakeFiles/Appd.elf.dir/Libraries/STM32F4xx_StdPeriph_Driver/src/stm32f4xx_usart.c.obj
 .text.USART_DMACmd
                0x00000000       0xa4 CMakeFiles/Appd.elf.dir/Libraries/STM32F4xx_StdPeriph_Driver/src/stm32f4xx_usart.c.obj
 .text.USART_ITConfig
                0x00000000      0x124 CMakeFiles/Appd.elf.dir/Libraries/STM32F4xx_StdPeriph_Driver/src/stm32f4xx_usart.c.obj
 .text.USART_GetFlagStatus
                0x00000000       0xdc CMakeFiles/Appd.elf.dir/Libraries/STM32F4xx_StdPeriph_Driver/src/stm32f4xx_usart.c.obj
 .text.USART_ClearFlag
                0x00000000       0xb0 CMakeFiles/Appd.elf.dir/Libraries/STM32F4xx_StdPeriph_Driver/src/stm32f4xx_usart.c.obj
 .text.USART_GetITStatus
                0x00000000      0x13c CMakeFiles/Appd.elf.dir/Libraries/STM32F4xx_StdPeriph_Driver/src/stm32f4xx_usart.c.obj
 .text.USART_ClearITPendingBit
                0x00000000       0xd4 CMakeFiles/Appd.elf.dir/Libraries/STM32F4xx_StdPeriph_Driver/src/stm32f4xx_usart.c.obj
 .debug_info    0x00000000     0x149f CMakeFiles/Appd.elf.dir/Libraries/STM32F4xx_StdPeriph_Driver/src/stm32f4xx_usart.c.obj
 .debug_abbrev  0x00000000      0x1e0 CMakeFiles/Appd.elf.dir/Libraries/STM32F4xx_StdPeriph_Driver/src/stm32f4xx_usart.c.obj
 .debug_loc     0x00000000      0xcf4 CMakeFiles/Appd.elf.dir/Libraries/STM32F4xx_StdPeriph_Driver/src/stm32f4xx_usart.c.obj
 .debug_aranges
                0x00000000      0x100 CMakeFiles/Appd.elf.dir/Libraries/STM32F4xx_StdPeriph_Driver/src/stm32f4xx_usart.c.obj
 .debug_ranges  0x00000000       0xf0 CMakeFiles/Appd.elf.dir/Libraries/STM32F4xx_StdPeriph_Driver/src/stm32f4xx_usart.c.obj
 .debug_line    0x00000000     0x1208 CMakeFiles/Appd.elf.dir/Libraries/STM32F4xx_StdPeriph_Driver/src/stm32f4xx_usart.c.obj
 .debug_str     0x00000000      0x712 CMakeFiles/Appd.elf.dir/Libraries/STM32F4xx_StdPeriph_Driver/src/stm32f4xx_usart.c.obj
 .comment       0x00000000       0x4a CMakeFiles/Appd.elf.dir/Libraries/STM32F4xx_StdPeriph_Driver/src/stm32f4xx_usart.c.obj
 .debug_frame   0x00000000      0x320 CMakeFiles/Appd.elf.dir/Libraries/STM32F4xx_StdPeriph_Driver/src/stm32f4xx_usart.c.obj
 .ARM.attributes
                0x00000000       0x2e CMakeFiles/Appd.elf.dir/Libraries/STM32F4xx_StdPeriph_Driver/src/stm32f4xx_usart.c.obj
 .text          0x00000000        0x0 CMakeFiles/Appd.elf.dir/Libraries/STM32F4xx_StdPeriph_Driver/src/stm32f4xx_pwr.c.obj
 .data          0x00000000        0x0 CMakeFiles/Appd.elf.dir/Libraries/STM32F4xx_StdPeriph_Driver/src/stm32f4xx_pwr.c.obj
 .bss           0x00000000        0x0 CMakeFiles/Appd.elf.dir/Libraries/STM32F4xx_StdPeriph_Driver/src/stm32f4xx_pwr.c.obj
 .text.PWR_DeInit
                0x00000000       0x18 CMakeFiles/Appd.elf.dir/Libraries/STM32F4xx_StdPeriph_Driver/src/stm32f4xx_pwr.c.obj
 .rodata.PWR_BackupAccessCmd.str1.4
                0x00000000       0x3c CMakeFiles/Appd.elf.dir/Libraries/STM32F4xx_StdPeriph_Driver/src/stm32f4xx_pwr.c.obj
 .text.PWR_BackupAccessCmd
                0x00000000       0x20 CMakeFiles/Appd.elf.dir/Libraries/STM32F4xx_StdPeriph_Driver/src/stm32f4xx_pwr.c.obj
 .text.PWR_PVDLevelConfig
                0x00000000       0x44 CMakeFiles/Appd.elf.dir/Libraries/STM32F4xx_StdPeriph_Driver/src/stm32f4xx_pwr.c.obj
 .text.PWR_PVDCmd
                0x00000000       0x24 CMakeFiles/Appd.elf.dir/Libraries/STM32F4xx_StdPeriph_Driver/src/stm32f4xx_pwr.c.obj
 .text.PWR_WakeUpPinCmd
                0x00000000       0x24 CMakeFiles/Appd.elf.dir/Libraries/STM32F4xx_StdPeriph_Driver/src/stm32f4xx_pwr.c.obj
 .text.PWR_BackupRegulatorCmd
                0x00000000       0x24 CMakeFiles/Appd.elf.dir/Libraries/STM32F4xx_StdPeriph_Driver/src/stm32f4xx_pwr.c.obj
 .text.PWR_MainRegulatorModeConfig
                0x00000000       0x38 CMakeFiles/Appd.elf.dir/Libraries/STM32F4xx_StdPeriph_Driver/src/stm32f4xx_pwr.c.obj
 .text.PWR_OverDriveCmd
                0x00000000       0x24 CMakeFiles/Appd.elf.dir/Libraries/STM32F4xx_StdPeriph_Driver/src/stm32f4xx_pwr.c.obj
 .text.PWR_OverDriveSWCmd
                0x00000000       0x24 CMakeFiles/Appd.elf.dir/Libraries/STM32F4xx_StdPeriph_Driver/src/stm32f4xx_pwr.c.obj
 .text.PWR_UnderDriveCmd
                0x00000000       0x38 CMakeFiles/Appd.elf.dir/Libraries/STM32F4xx_StdPeriph_Driver/src/stm32f4xx_pwr.c.obj
 .text.PWR_MainRegulatorLowVoltageCmd
                0x00000000       0x30 CMakeFiles/Appd.elf.dir/Libraries/STM32F4xx_StdPeriph_Driver/src/stm32f4xx_pwr.c.obj
 .text.PWR_LowRegulatorLowVoltageCmd
                0x00000000       0x30 CMakeFiles/Appd.elf.dir/Libraries/STM32F4xx_StdPeriph_Driver/src/stm32f4xx_pwr.c.obj
 .text.PWR_FlashPowerDownCmd
                0x00000000       0x24 CMakeFiles/Appd.elf.dir/Libraries/STM32F4xx_StdPeriph_Driver/src/stm32f4xx_pwr.c.obj
 .text.PWR_EnterSTOPMode
                0x00000000       0x68 CMakeFiles/Appd.elf.dir/Libraries/STM32F4xx_StdPeriph_Driver/src/stm32f4xx_pwr.c.obj
 .text.PWR_EnterUnderDriveSTOPMode
                0x00000000       0x70 CMakeFiles/Appd.elf.dir/Libraries/STM32F4xx_StdPeriph_Driver/src/stm32f4xx_pwr.c.obj
 .text.PWR_EnterSTANDBYMode
                0x00000000       0x20 CMakeFiles/Appd.elf.dir/Libraries/STM32F4xx_StdPeriph_Driver/src/stm32f4xx_pwr.c.obj
 .text.PWR_GetFlagStatus
                0x00000000       0x50 CMakeFiles/Appd.elf.dir/Libraries/STM32F4xx_StdPeriph_Driver/src/stm32f4xx_pwr.c.obj
 .text.PWR_ClearFlag
                0x00000000       0x30 CMakeFiles/Appd.elf.dir/Libraries/STM32F4xx_StdPeriph_Driver/src/stm32f4xx_pwr.c.obj
 .debug_info    0x00000000      0x917 CMakeFiles/Appd.elf.dir/Libraries/STM32F4xx_StdPeriph_Driver/src/stm32f4xx_pwr.c.obj
 .debug_abbrev  0x00000000      0x1d5 CMakeFiles/Appd.elf.dir/Libraries/STM32F4xx_StdPeriph_Driver/src/stm32f4xx_pwr.c.obj
 .debug_loc     0x00000000      0x620 CMakeFiles/Appd.elf.dir/Libraries/STM32F4xx_StdPeriph_Driver/src/stm32f4xx_pwr.c.obj
 .debug_aranges
                0x00000000       0xa8 CMakeFiles/Appd.elf.dir/Libraries/STM32F4xx_StdPeriph_Driver/src/stm32f4xx_pwr.c.obj
 .debug_ranges  0x00000000       0x98 CMakeFiles/Appd.elf.dir/Libraries/STM32F4xx_StdPeriph_Driver/src/stm32f4xx_pwr.c.obj
 .debug_line    0x00000000      0x679 CMakeFiles/Appd.elf.dir/Libraries/STM32F4xx_StdPeriph_Driver/src/stm32f4xx_pwr.c.obj
 .debug_str     0x00000000      0x466 CMakeFiles/Appd.elf.dir/Libraries/STM32F4xx_StdPeriph_Driver/src/stm32f4xx_pwr.c.obj
 .comment       0x00000000       0x4a CMakeFiles/Appd.elf.dir/Libraries/STM32F4xx_StdPeriph_Driver/src/stm32f4xx_pwr.c.obj
 .debug_frame   0x00000000      0x1c0 CMakeFiles/Appd.elf.dir/Libraries/STM32F4xx_StdPeriph_Driver/src/stm32f4xx_pwr.c.obj
 .ARM.attributes
                0x00000000       0x2e CMakeFiles/Appd.elf.dir/Libraries/STM32F4xx_StdPeriph_Driver/src/stm32f4xx_pwr.c.obj
 .text          0x00000000        0x0 CMakeFiles/Appd.elf.dir/Libraries/STM32F4xx_StdPeriph_Driver/src/stm32f4xx_tim.c.obj
 .data          0x00000000        0x0 CMakeFiles/Appd.elf.dir/Libraries/STM32F4xx_StdPeriph_Driver/src/stm32f4xx_tim.c.obj
 .bss           0x00000000        0x0 CMakeFiles/Appd.elf.dir/Libraries/STM32F4xx_StdPeriph_Driver/src/stm32f4xx_tim.c.obj
 .text.TI1_Config
                0x00000000       0x4c CMakeFiles/Appd.elf.dir/Libraries/STM32F4xx_StdPeriph_Driver/src/stm32f4xx_tim.c.obj
 .text.TI2_Config
                0x00000000       0x56 CMakeFiles/Appd.elf.dir/Libraries/STM32F4xx_StdPeriph_Driver/src/stm32f4xx_tim.c.obj
 .text.TI3_Config
                0x00000000       0x46 CMakeFiles/Appd.elf.dir/Libraries/STM32F4xx_StdPeriph_Driver/src/stm32f4xx_tim.c.obj
 .text.TI4_Config
                0x00000000       0x58 CMakeFiles/Appd.elf.dir/Libraries/STM32F4xx_StdPeriph_Driver/src/stm32f4xx_tim.c.obj
 .rodata.TIM_DeInit.str1.4
                0x00000000       0x3c CMakeFiles/Appd.elf.dir/Libraries/STM32F4xx_StdPeriph_Driver/src/stm32f4xx_tim.c.obj
 .text.TIM_DeInit
                0x00000000      0x210 CMakeFiles/Appd.elf.dir/Libraries/STM32F4xx_StdPeriph_Driver/src/stm32f4xx_tim.c.obj
 .text.TIM_TimeBaseInit
                0x00000000      0x138 CMakeFiles/Appd.elf.dir/Libraries/STM32F4xx_StdPeriph_Driver/src/stm32f4xx_tim.c.obj
 .text.TIM_TimeBaseStructInit
                0x00000000       0x12 CMakeFiles/Appd.elf.dir/Libraries/STM32F4xx_StdPeriph_Driver/src/stm32f4xx_tim.c.obj
 .text.TIM_PrescalerConfig
                0x00000000       0x9c CMakeFiles/Appd.elf.dir/Libraries/STM32F4xx_StdPeriph_Driver/src/stm32f4xx_tim.c.obj
 .text.TIM_CounterModeConfig
                0x00000000       0x74 CMakeFiles/Appd.elf.dir/Libraries/STM32F4xx_StdPeriph_Driver/src/stm32f4xx_tim.c.obj
 .text.TIM_SetCounter
                0x00000000       0x88 CMakeFiles/Appd.elf.dir/Libraries/STM32F4xx_StdPeriph_Driver/src/stm32f4xx_tim.c.obj
 .text.TIM_SetAutoreload
                0x00000000       0x88 CMakeFiles/Appd.elf.dir/Libraries/STM32F4xx_StdPeriph_Driver/src/stm32f4xx_tim.c.obj
 .text.TIM_GetCounter
                0x00000000       0x88 CMakeFiles/Appd.elf.dir/Libraries/STM32F4xx_StdPeriph_Driver/src/stm32f4xx_tim.c.obj
 .text.TIM_GetPrescaler
                0x00000000       0x88 CMakeFiles/Appd.elf.dir/Libraries/STM32F4xx_StdPeriph_Driver/src/stm32f4xx_tim.c.obj
 .text.TIM_UpdateDisableConfig
                0x00000000       0xb0 CMakeFiles/Appd.elf.dir/Libraries/STM32F4xx_StdPeriph_Driver/src/stm32f4xx_tim.c.obj
 .text.TIM_UpdateRequestConfig
                0x00000000       0xb0 CMakeFiles/Appd.elf.dir/Libraries/STM32F4xx_StdPeriph_Driver/src/stm32f4xx_tim.c.obj
 .text.TIM_ARRPreloadConfig
                0x00000000       0xb0 CMakeFiles/Appd.elf.dir/Libraries/STM32F4xx_StdPeriph_Driver/src/stm32f4xx_tim.c.obj
 .text.TIM_SelectOnePulseMode
                0x00000000       0xb0 CMakeFiles/Appd.elf.dir/Libraries/STM32F4xx_StdPeriph_Driver/src/stm32f4xx_tim.c.obj
 .text.TIM_SetClockDivision
                0x00000000       0xa8 CMakeFiles/Appd.elf.dir/Libraries/STM32F4xx_StdPeriph_Driver/src/stm32f4xx_tim.c.obj
 .text.TIM_Cmd  0x00000000       0xb0 CMakeFiles/Appd.elf.dir/Libraries/STM32F4xx_StdPeriph_Driver/src/stm32f4xx_tim.c.obj
 .text.TIM_OC1Init
                0x00000000      0x188 CMakeFiles/Appd.elf.dir/Libraries/STM32F4xx_StdPeriph_Driver/src/stm32f4xx_tim.c.obj
 .text.TIM_OC2Init
                0x00000000      0x184 CMakeFiles/Appd.elf.dir/Libraries/STM32F4xx_StdPeriph_Driver/src/stm32f4xx_tim.c.obj
 .text.TIM_OC3Init
                0x00000000      0x170 CMakeFiles/Appd.elf.dir/Libraries/STM32F4xx_StdPeriph_Driver/src/stm32f4xx_tim.c.obj
 .text.TIM_OC4Init
                0x00000000      0x110 CMakeFiles/Appd.elf.dir/Libraries/STM32F4xx_StdPeriph_Driver/src/stm32f4xx_tim.c.obj
 .text.TIM_OCStructInit
                0x00000000       0x14 CMakeFiles/Appd.elf.dir/Libraries/STM32F4xx_StdPeriph_Driver/src/stm32f4xx_tim.c.obj
 .text.TIM_SelectOCxM
                0x00000000      0x108 CMakeFiles/Appd.elf.dir/Libraries/STM32F4xx_StdPeriph_Driver/src/stm32f4xx_tim.c.obj
 .text.TIM_SetCompare1
                0x00000000       0x78 CMakeFiles/Appd.elf.dir/Libraries/STM32F4xx_StdPeriph_Driver/src/stm32f4xx_tim.c.obj
 .text.TIM_SetCompare2
                0x00000000       0x58 CMakeFiles/Appd.elf.dir/Libraries/STM32F4xx_StdPeriph_Driver/src/stm32f4xx_tim.c.obj
 .text.TIM_SetCompare3
                0x00000000       0x48 CMakeFiles/Appd.elf.dir/Libraries/STM32F4xx_StdPeriph_Driver/src/stm32f4xx_tim.c.obj
 .text.TIM_SetCompare4
                0x00000000       0x48 CMakeFiles/Appd.elf.dir/Libraries/STM32F4xx_StdPeriph_Driver/src/stm32f4xx_tim.c.obj
 .text.TIM_ForcedOC1Config
                0x00000000       0x98 CMakeFiles/Appd.elf.dir/Libraries/STM32F4xx_StdPeriph_Driver/src/stm32f4xx_tim.c.obj
 .text.TIM_ForcedOC2Config
                0x00000000       0x7c CMakeFiles/Appd.elf.dir/Libraries/STM32F4xx_StdPeriph_Driver/src/stm32f4xx_tim.c.obj
 .text.TIM_ForcedOC3Config
                0x00000000       0x68 CMakeFiles/Appd.elf.dir/Libraries/STM32F4xx_StdPeriph_Driver/src/stm32f4xx_tim.c.obj
 .text.TIM_ForcedOC4Config
                0x00000000       0x6c CMakeFiles/Appd.elf.dir/Libraries/STM32F4xx_StdPeriph_Driver/src/stm32f4xx_tim.c.obj
 .text.TIM_OC1PreloadConfig
                0x00000000       0x98 CMakeFiles/Appd.elf.dir/Libraries/STM32F4xx_StdPeriph_Driver/src/stm32f4xx_tim.c.obj
 .text.TIM_OC2PreloadConfig
                0x00000000       0x78 CMakeFiles/Appd.elf.dir/Libraries/STM32F4xx_StdPeriph_Driver/src/stm32f4xx_tim.c.obj
 .text.TIM_OC3PreloadConfig
                0x00000000       0x68 CMakeFiles/Appd.elf.dir/Libraries/STM32F4xx_StdPeriph_Driver/src/stm32f4xx_tim.c.obj
 .text.TIM_OC4PreloadConfig
                0x00000000       0x68 CMakeFiles/Appd.elf.dir/Libraries/STM32F4xx_StdPeriph_Driver/src/stm32f4xx_tim.c.obj
 .text.TIM_OC1FastConfig
                0x00000000       0x98 CMakeFiles/Appd.elf.dir/Libraries/STM32F4xx_StdPeriph_Driver/src/stm32f4xx_tim.c.obj
 .text.TIM_OC2FastConfig
                0x00000000       0x78 CMakeFiles/Appd.elf.dir/Libraries/STM32F4xx_StdPeriph_Driver/src/stm32f4xx_tim.c.obj
 .text.TIM_OC3FastConfig
                0x00000000       0x68 CMakeFiles/Appd.elf.dir/Libraries/STM32F4xx_StdPeriph_Driver/src/stm32f4xx_tim.c.obj
 .text.TIM_OC4FastConfig
                0x00000000       0x68 CMakeFiles/Appd.elf.dir/Libraries/STM32F4xx_StdPeriph_Driver/src/stm32f4xx_tim.c.obj
 .text.TIM_ClearOC1Ref
                0x00000000       0x98 CMakeFiles/Appd.elf.dir/Libraries/STM32F4xx_StdPeriph_Driver/src/stm32f4xx_tim.c.obj
 .text.TIM_ClearOC2Ref
                0x00000000       0x78 CMakeFiles/Appd.elf.dir/Libraries/STM32F4xx_StdPeriph_Driver/src/stm32f4xx_tim.c.obj
 .text.TIM_ClearOC3Ref
                0x00000000       0x68 CMakeFiles/Appd.elf.dir/Libraries/STM32F4xx_StdPeriph_Driver/src/stm32f4xx_tim.c.obj
 .text.TIM_ClearOC4Ref
                0x00000000       0x68 CMakeFiles/Appd.elf.dir/Libraries/STM32F4xx_StdPeriph_Driver/src/stm32f4xx_tim.c.obj
 .text.TIM_OC1PolarityConfig
                0x00000000       0x98 CMakeFiles/Appd.elf.dir/Libraries/STM32F4xx_StdPeriph_Driver/src/stm32f4xx_tim.c.obj
 .text.TIM_OC1NPolarityConfig
                0x00000000       0x48 CMakeFiles/Appd.elf.dir/Libraries/STM32F4xx_StdPeriph_Driver/src/stm32f4xx_tim.c.obj
 .text.TIM_OC2PolarityConfig
                0x00000000       0x78 CMakeFiles/Appd.elf.dir/Libraries/STM32F4xx_StdPeriph_Driver/src/stm32f4xx_tim.c.obj
 .text.TIM_OC2NPolarityConfig
                0x00000000       0x4c CMakeFiles/Appd.elf.dir/Libraries/STM32F4xx_StdPeriph_Driver/src/stm32f4xx_tim.c.obj
 .text.TIM_OC3PolarityConfig
                0x00000000       0x68 CMakeFiles/Appd.elf.dir/Libraries/STM32F4xx_StdPeriph_Driver/src/stm32f4xx_tim.c.obj
 .text.TIM_OC3NPolarityConfig
                0x00000000       0x4c CMakeFiles/Appd.elf.dir/Libraries/STM32F4xx_StdPeriph_Driver/src/stm32f4xx_tim.c.obj
 .text.TIM_OC4PolarityConfig
                0x00000000       0x68 CMakeFiles/Appd.elf.dir/Libraries/STM32F4xx_StdPeriph_Driver/src/stm32f4xx_tim.c.obj
 .text.TIM_CCxCmd
                0x00000000       0xc0 CMakeFiles/Appd.elf.dir/Libraries/STM32F4xx_StdPeriph_Driver/src/stm32f4xx_tim.c.obj
 .text.TIM_CCxNCmd
                0x00000000       0x70 CMakeFiles/Appd.elf.dir/Libraries/STM32F4xx_StdPeriph_Driver/src/stm32f4xx_tim.c.obj
 .text.TIM_ICStructInit
                0x00000000       0x10 CMakeFiles/Appd.elf.dir/Libraries/STM32F4xx_StdPeriph_Driver/src/stm32f4xx_tim.c.obj
 .text.TIM_GetCapture1
                0x00000000       0x78 CMakeFiles/Appd.elf.dir/Libraries/STM32F4xx_StdPeriph_Driver/src/stm32f4xx_tim.c.obj
 .text.TIM_GetCapture2
                0x00000000       0x58 CMakeFiles/Appd.elf.dir/Libraries/STM32F4xx_StdPeriph_Driver/src/stm32f4xx_tim.c.obj
 .text.TIM_GetCapture3
                0x00000000       0x48 CMakeFiles/Appd.elf.dir/Libraries/STM32F4xx_StdPeriph_Driver/src/stm32f4xx_tim.c.obj
 .text.TIM_GetCapture4
                0x00000000       0x48 CMakeFiles/Appd.elf.dir/Libraries/STM32F4xx_StdPeriph_Driver/src/stm32f4xx_tim.c.obj
 .text.TIM_SetIC1Prescaler
                0x00000000       0xa4 CMakeFiles/Appd.elf.dir/Libraries/STM32F4xx_StdPeriph_Driver/src/stm32f4xx_tim.c.obj
 .text.TIM_SetIC2Prescaler
                0x00000000       0x88 CMakeFiles/Appd.elf.dir/Libraries/STM32F4xx_StdPeriph_Driver/src/stm32f4xx_tim.c.obj
 .text.TIM_PWMIConfig
                0x00000000       0xbc CMakeFiles/Appd.elf.dir/Libraries/STM32F4xx_StdPeriph_Driver/src/stm32f4xx_tim.c.obj
 .text.TIM_SetIC3Prescaler
                0x00000000       0x74 CMakeFiles/Appd.elf.dir/Libraries/STM32F4xx_StdPeriph_Driver/src/stm32f4xx_tim.c.obj
 .text.TIM_SetIC4Prescaler
                0x00000000       0x78 CMakeFiles/Appd.elf.dir/Libraries/STM32F4xx_StdPeriph_Driver/src/stm32f4xx_tim.c.obj
 .text.TIM_ICInit
                0x00000000      0x1e8 CMakeFiles/Appd.elf.dir/Libraries/STM32F4xx_StdPeriph_Driver/src/stm32f4xx_tim.c.obj
 .text.TIM_BDTRConfig
                0x00000000       0xe0 CMakeFiles/Appd.elf.dir/Libraries/STM32F4xx_StdPeriph_Driver/src/stm32f4xx_tim.c.obj
 .text.TIM_BDTRStructInit
                0x00000000       0x12 CMakeFiles/Appd.elf.dir/Libraries/STM32F4xx_StdPeriph_Driver/src/stm32f4xx_tim.c.obj
 .text.TIM_CtrlPWMOutputs
                0x00000000       0x5c CMakeFiles/Appd.elf.dir/Libraries/STM32F4xx_StdPeriph_Driver/src/stm32f4xx_tim.c.obj
 .text.TIM_SelectCOM
                0x00000000       0x54 CMakeFiles/Appd.elf.dir/Libraries/STM32F4xx_StdPeriph_Driver/src/stm32f4xx_tim.c.obj
 .text.TIM_CCPreloadControl
                0x00000000       0x54 CMakeFiles/Appd.elf.dir/Libraries/STM32F4xx_StdPeriph_Driver/src/stm32f4xx_tim.c.obj
 .text.TIM_ITConfig
                0x00000000       0xc0 CMakeFiles/Appd.elf.dir/Libraries/STM32F4xx_StdPeriph_Driver/src/stm32f4xx_tim.c.obj
 .text.TIM_GenerateEvent
                0x00000000       0x9c CMakeFiles/Appd.elf.dir/Libraries/STM32F4xx_StdPeriph_Driver/src/stm32f4xx_tim.c.obj
 .text.TIM_GetFlagStatus
                0x00000000       0xd8 CMakeFiles/Appd.elf.dir/Libraries/STM32F4xx_StdPeriph_Driver/src/stm32f4xx_tim.c.obj
 .text.TIM_ClearFlag
                0x00000000       0x8c CMakeFiles/Appd.elf.dir/Libraries/STM32F4xx_StdPeriph_Driver/src/stm32f4xx_tim.c.obj
 .text.TIM_GetITStatus
                0x00000000       0xc8 CMakeFiles/Appd.elf.dir/Libraries/STM32F4xx_StdPeriph_Driver/src/stm32f4xx_tim.c.obj
 .text.TIM_ClearITPendingBit
                0x00000000       0x8c CMakeFiles/Appd.elf.dir/Libraries/STM32F4xx_StdPeriph_Driver/src/stm32f4xx_tim.c.obj
 .text.TIM_DMAConfig
                0x00000000       0xd4 CMakeFiles/Appd.elf.dir/Libraries/STM32F4xx_StdPeriph_Driver/src/stm32f4xx_tim.c.obj
 .text.TIM_DMACmd
                0x00000000       0x94 CMakeFiles/Appd.elf.dir/Libraries/STM32F4xx_StdPeriph_Driver/src/stm32f4xx_tim.c.obj
 .text.TIM_SelectCCDMA
                0x00000000       0x70 CMakeFiles/Appd.elf.dir/Libraries/STM32F4xx_StdPeriph_Driver/src/stm32f4xx_tim.c.obj
 .text.TIM_InternalClockConfig
                0x00000000       0x60 CMakeFiles/Appd.elf.dir/Libraries/STM32F4xx_StdPeriph_Driver/src/stm32f4xx_tim.c.obj
 .text.TIM_SelectInputTrigger
                0x00000000       0xb0 CMakeFiles/Appd.elf.dir/Libraries/STM32F4xx_StdPeriph_Driver/src/stm32f4xx_tim.c.obj
 .text.TIM_ITRxExternalClockConfig
                0x00000000       0x84 CMakeFiles/Appd.elf.dir/Libraries/STM32F4xx_StdPeriph_Driver/src/stm32f4xx_tim.c.obj
 .text.TIM_TIxExternalClockConfig
                0x00000000       0xd0 CMakeFiles/Appd.elf.dir/Libraries/STM32F4xx_StdPeriph_Driver/src/stm32f4xx_tim.c.obj
 .text.TIM_SelectOutputTrigger
                0x00000000       0x94 CMakeFiles/Appd.elf.dir/Libraries/STM32F4xx_StdPeriph_Driver/src/stm32f4xx_tim.c.obj
 .text.TIM_SelectSlaveMode
                0x00000000       0x80 CMakeFiles/Appd.elf.dir/Libraries/STM32F4xx_StdPeriph_Driver/src/stm32f4xx_tim.c.obj
 .text.TIM_SelectMasterSlaveMode
                0x00000000       0x80 CMakeFiles/Appd.elf.dir/Libraries/STM32F4xx_StdPeriph_Driver/src/stm32f4xx_tim.c.obj
 .text.TIM_ETRConfig
                0x00000000       0xa4 CMakeFiles/Appd.elf.dir/Libraries/STM32F4xx_StdPeriph_Driver/src/stm32f4xx_tim.c.obj
 .text.TIM_ETRClockMode1Config
                0x00000000       0xa4 CMakeFiles/Appd.elf.dir/Libraries/STM32F4xx_StdPeriph_Driver/src/stm32f4xx_tim.c.obj
 .text.TIM_ETRClockMode2Config
                0x00000000       0xa4 CMakeFiles/Appd.elf.dir/Libraries/STM32F4xx_StdPeriph_Driver/src/stm32f4xx_tim.c.obj
 .text.TIM_EncoderInterfaceConfig
                0x00000000       0xd0 CMakeFiles/Appd.elf.dir/Libraries/STM32F4xx_StdPeriph_Driver/src/stm32f4xx_tim.c.obj
 .text.TIM_SelectHallSensor
                0x00000000       0x80 CMakeFiles/Appd.elf.dir/Libraries/STM32F4xx_StdPeriph_Driver/src/stm32f4xx_tim.c.obj
 .text.TIM_RemapConfig
                0x00000000       0x64 CMakeFiles/Appd.elf.dir/Libraries/STM32F4xx_StdPeriph_Driver/src/stm32f4xx_tim.c.obj
 .debug_info    0x00000000     0x3dca CMakeFiles/Appd.elf.dir/Libraries/STM32F4xx_StdPeriph_Driver/src/stm32f4xx_tim.c.obj
 .debug_abbrev  0x00000000      0x1e9 CMakeFiles/Appd.elf.dir/Libraries/STM32F4xx_StdPeriph_Driver/src/stm32f4xx_tim.c.obj
 .debug_loc     0x00000000     0x2c58 CMakeFiles/Appd.elf.dir/Libraries/STM32F4xx_StdPeriph_Driver/src/stm32f4xx_tim.c.obj
 .debug_aranges
                0x00000000      0x2f8 CMakeFiles/Appd.elf.dir/Libraries/STM32F4xx_StdPeriph_Driver/src/stm32f4xx_tim.c.obj
 .debug_ranges  0x00000000      0x2e8 CMakeFiles/Appd.elf.dir/Libraries/STM32F4xx_StdPeriph_Driver/src/stm32f4xx_tim.c.obj
 .debug_line    0x00000000     0x3429 CMakeFiles/Appd.elf.dir/Libraries/STM32F4xx_StdPeriph_Driver/src/stm32f4xx_tim.c.obj
 .debug_str     0x00000000      0xe41 CMakeFiles/Appd.elf.dir/Libraries/STM32F4xx_StdPeriph_Driver/src/stm32f4xx_tim.c.obj
 .comment       0x00000000       0x4a CMakeFiles/Appd.elf.dir/Libraries/STM32F4xx_StdPeriph_Driver/src/stm32f4xx_tim.c.obj
 .debug_frame   0x00000000      0x9e8 CMakeFiles/Appd.elf.dir/Libraries/STM32F4xx_StdPeriph_Driver/src/stm32f4xx_tim.c.obj
 .ARM.attributes
                0x00000000       0x2e CMakeFiles/Appd.elf.dir/Libraries/STM32F4xx_StdPeriph_Driver/src/stm32f4xx_tim.c.obj
 .text          0x00000000        0x0 CMakeFiles/Appd.elf.dir/Libraries/STM32F4xx_StdPeriph_Driver/src/misc.c.obj
 .data          0x00000000        0x0 CMakeFiles/Appd.elf.dir/Libraries/STM32F4xx_StdPeriph_Driver/src/misc.c.obj
 .bss           0x00000000        0x0 CMakeFiles/Appd.elf.dir/Libraries/STM32F4xx_StdPeriph_Driver/src/misc.c.obj
 .rodata.NVIC_PriorityGroupConfig.str1.4
                0x00000000       0x33 CMakeFiles/Appd.elf.dir/Libraries/STM32F4xx_StdPeriph_Driver/src/misc.c.obj
 .text.NVIC_PriorityGroupConfig
                0x00000000       0x44 CMakeFiles/Appd.elf.dir/Libraries/STM32F4xx_StdPeriph_Driver/src/misc.c.obj
 .text.NVIC_Init
                0x00000000       0x9c CMakeFiles/Appd.elf.dir/Libraries/STM32F4xx_StdPeriph_Driver/src/misc.c.obj
 .text.NVIC_SetVectorTable
                0x00000000       0x48 CMakeFiles/Appd.elf.dir/Libraries/STM32F4xx_StdPeriph_Driver/src/misc.c.obj
 .text.NVIC_SystemLPConfig
                0x00000000       0x4c CMakeFiles/Appd.elf.dir/Libraries/STM32F4xx_StdPeriph_Driver/src/misc.c.obj
 .text.SysTick_CLKSourceConfig
                0x00000000       0x3c CMakeFiles/Appd.elf.dir/Libraries/STM32F4xx_StdPeriph_Driver/src/misc.c.obj
 .debug_info    0x00000000      0x68f CMakeFiles/Appd.elf.dir/Libraries/STM32F4xx_StdPeriph_Driver/src/misc.c.obj
 .debug_abbrev  0x00000000      0x193 CMakeFiles/Appd.elf.dir/Libraries/STM32F4xx_StdPeriph_Driver/src/misc.c.obj
 .debug_loc     0x00000000      0x289 CMakeFiles/Appd.elf.dir/Libraries/STM32F4xx_StdPeriph_Driver/src/misc.c.obj
 .debug_aranges
                0x00000000       0x40 CMakeFiles/Appd.elf.dir/Libraries/STM32F4xx_StdPeriph_Driver/src/misc.c.obj
 .debug_ranges  0x00000000       0x30 CMakeFiles/Appd.elf.dir/Libraries/STM32F4xx_StdPeriph_Driver/src/misc.c.obj
 .debug_line    0x00000000      0x373 CMakeFiles/Appd.elf.dir/Libraries/STM32F4xx_StdPeriph_Driver/src/misc.c.obj
 .debug_str     0x00000000      0x411 CMakeFiles/Appd.elf.dir/Libraries/STM32F4xx_StdPeriph_Driver/src/misc.c.obj
 .comment       0x00000000       0x4a CMakeFiles/Appd.elf.dir/Libraries/STM32F4xx_StdPeriph_Driver/src/misc.c.obj
 .debug_frame   0x00000000       0x90 CMakeFiles/Appd.elf.dir/Libraries/STM32F4xx_StdPeriph_Driver/src/misc.c.obj
 .ARM.attributes
                0x00000000       0x2e CMakeFiles/Appd.elf.dir/Libraries/STM32F4xx_StdPeriph_Driver/src/misc.c.obj
 .text          0x00000000        0x0 c:/arm/cross-cortex/bin/../lib/gcc/arm-none-eabi/10.3.1/../../../../arm-none-eabi/lib/thumb/v7e-m/nofp\libg_nano.a(lib_a-exit.o)
 .data          0x00000000        0x0 c:/arm/cross-cortex/bin/../lib/gcc/arm-none-eabi/10.3.1/../../../../arm-none-eabi/lib/thumb/v7e-m/nofp\libg_nano.a(lib_a-exit.o)
 .bss           0x00000000        0x0 c:/arm/cross-cortex/bin/../lib/gcc/arm-none-eabi/10.3.1/../../../../arm-none-eabi/lib/thumb/v7e-m/nofp\libg_nano.a(lib_a-exit.o)
 .text.exit     0x00000000       0x28 c:/arm/cross-cortex/bin/../lib/gcc/arm-none-eabi/10.3.1/../../../../arm-none-eabi/lib/thumb/v7e-m/nofp\libg_nano.a(lib_a-exit.o)
 .debug_frame   0x00000000       0x28 c:/arm/cross-cortex/bin/../lib/gcc/arm-none-eabi/10.3.1/../../../../arm-none-eabi/lib/thumb/v7e-m/nofp\libg_nano.a(lib_a-exit.o)
 .ARM.attributes
                0x00000000       0x2e c:/arm/cross-cortex/bin/../lib/gcc/arm-none-eabi/10.3.1/../../../../arm-none-eabi/lib/thumb/v7e-m/nofp\libg_nano.a(lib_a-exit.o)
 .text          0x00000000        0x0 c:/arm/cross-cortex/bin/../lib/gcc/arm-none-eabi/10.3.1/../../../../arm-none-eabi/lib/thumb/v7e-m/nofp\libg_nano.a(lib_a-impure.o)
 .data          0x00000000        0x0 c:/arm/cross-cortex/bin/../lib/gcc/arm-none-eabi/10.3.1/../../../../arm-none-eabi/lib/thumb/v7e-m/nofp\libg_nano.a(lib_a-impure.o)
 .bss           0x00000000        0x0 c:/arm/cross-cortex/bin/../lib/gcc/arm-none-eabi/10.3.1/../../../../arm-none-eabi/lib/thumb/v7e-m/nofp\libg_nano.a(lib_a-impure.o)
 .data._impure_ptr
                0x00000000        0x4 c:/arm/cross-cortex/bin/../lib/gcc/arm-none-eabi/10.3.1/../../../../arm-none-eabi/lib/thumb/v7e-m/nofp\libg_nano.a(lib_a-impure.o)
 .data.impure_data
                0x00000000       0x60 c:/arm/cross-cortex/bin/../lib/gcc/arm-none-eabi/10.3.1/../../../../arm-none-eabi/lib/thumb/v7e-m/nofp\libg_nano.a(lib_a-impure.o)
 .rodata._global_impure_ptr
                0x00000000        0x4 c:/arm/cross-cortex/bin/../lib/gcc/arm-none-eabi/10.3.1/../../../../arm-none-eabi/lib/thumb/v7e-m/nofp\libg_nano.a(lib_a-impure.o)
 .ARM.attributes
                0x00000000       0x2e c:/arm/cross-cortex/bin/../lib/gcc/arm-none-eabi/10.3.1/../../../../arm-none-eabi/lib/thumb/v7e-m/nofp\libg_nano.a(lib_a-impure.o)
 .text          0x00000000        0x0 c:/arm/cross-cortex/bin/../lib/gcc/arm-none-eabi/10.3.1/../../../../arm-none-eabi/lib/thumb/v7e-m/nofp\libg_nano.a(lib_a-init.o)
 .data          0x00000000        0x0 c:/arm/cross-cortex/bin/../lib/gcc/arm-none-eabi/10.3.1/../../../../arm-none-eabi/lib/thumb/v7e-m/nofp\libg_nano.a(lib_a-init.o)
 .bss           0x00000000        0x0 c:/arm/cross-cortex/bin/../lib/gcc/arm-none-eabi/10.3.1/../../../../arm-none-eabi/lib/thumb/v7e-m/nofp\libg_nano.a(lib_a-init.o)
 .text          0x00000000        0x0 c:/arm/cross-cortex/bin/../lib/gcc/arm-none-eabi/10.3.1/../../../../arm-none-eabi/lib/thumb/v7e-m/nofp\libg_nano.a(lib_a-memset.o)
 .data          0x00000000        0x0 c:/arm/cross-cortex/bin/../lib/gcc/arm-none-eabi/10.3.1/../../../../arm-none-eabi/lib/thumb/v7e-m/nofp\libg_nano.a(lib_a-memset.o)
 .bss           0x00000000        0x0 c:/arm/cross-cortex/bin/../lib/gcc/arm-none-eabi/10.3.1/../../../../arm-none-eabi/lib/thumb/v7e-m/nofp\libg_nano.a(lib_a-memset.o)
 .text.memset   0x00000000       0x10 c:/arm/cross-cortex/bin/../lib/gcc/arm-none-eabi/10.3.1/../../../../arm-none-eabi/lib/thumb/v7e-m/nofp\libg_nano.a(lib_a-memset.o)
 .debug_frame   0x00000000       0x20 c:/arm/cross-cortex/bin/../lib/gcc/arm-none-eabi/10.3.1/../../../../arm-none-eabi/lib/thumb/v7e-m/nofp\libg_nano.a(lib_a-memset.o)
 .ARM.attributes
                0x00000000       0x2e c:/arm/cross-cortex/bin/../lib/gcc/arm-none-eabi/10.3.1/../../../../arm-none-eabi/lib/thumb/v7e-m/nofp\libg_nano.a(lib_a-memset.o)
 .text          0x00000000        0x0 c:/arm/cross-cortex/bin/../lib/gcc/arm-none-eabi/10.3.1/../../../../arm-none-eabi/lib/thumb/v7e-m/nofp\libnosys.a(_exit.o)
 .data          0x00000000        0x0 c:/arm/cross-cortex/bin/../lib/gcc/arm-none-eabi/10.3.1/../../../../arm-none-eabi/lib/thumb/v7e-m/nofp\libnosys.a(_exit.o)
 .bss           0x00000000        0x0 c:/arm/cross-cortex/bin/../lib/gcc/arm-none-eabi/10.3.1/../../../../arm-none-eabi/lib/thumb/v7e-m/nofp\libnosys.a(_exit.o)
 .text._exit    0x00000000        0x4 c:/arm/cross-cortex/bin/../lib/gcc/arm-none-eabi/10.3.1/../../../../arm-none-eabi/lib/thumb/v7e-m/nofp\libnosys.a(_exit.o)
 .debug_frame   0x00000000       0x20 c:/arm/cross-cortex/bin/../lib/gcc/arm-none-eabi/10.3.1/../../../../arm-none-eabi/lib/thumb/v7e-m/nofp\libnosys.a(_exit.o)
 .ARM.attributes
                0x00000000       0x2e c:/arm/cross-cortex/bin/../lib/gcc/arm-none-eabi/10.3.1/../../../../arm-none-eabi/lib/thumb/v7e-m/nofp\libnosys.a(_exit.o)
 .text          0x00000000        0x0 c:/arm/cross-cortex/bin/../lib/gcc/arm-none-eabi/10.3.1/thumb/v7e-m/nofp/crtend.o
 .data          0x00000000        0x0 c:/arm/cross-cortex/bin/../lib/gcc/arm-none-eabi/10.3.1/thumb/v7e-m/nofp/crtend.o
 .bss           0x00000000        0x0 c:/arm/cross-cortex/bin/../lib/gcc/arm-none-eabi/10.3.1/thumb/v7e-m/nofp/crtend.o
 .rodata        0x00000000       0x24 c:/arm/cross-cortex/bin/../lib/gcc/arm-none-eabi/10.3.1/thumb/v7e-m/nofp/crtend.o
 .eh_frame      0x00000000        0x4 c:/arm/cross-cortex/bin/../lib/gcc/arm-none-eabi/10.3.1/thumb/v7e-m/nofp/crtend.o
 .ARM.attributes
                0x00000000       0x2e c:/arm/cross-cortex/bin/../lib/gcc/arm-none-eabi/10.3.1/thumb/v7e-m/nofp/crtend.o
 .text          0x00000000        0x0 c:/arm/cross-cortex/bin/../lib/gcc/arm-none-eabi/10.3.1/thumb/v7e-m/nofp/crtn.o
 .data          0x00000000        0x0 c:/arm/cross-cortex/bin/../lib/gcc/arm-none-eabi/10.3.1/thumb/v7e-m/nofp/crtn.o
 .bss           0x00000000        0x0 c:/arm/cross-cortex/bin/../lib/gcc/arm-none-eabi/10.3.1/thumb/v7e-m/nofp/crtn.o

Memory Configuration

Name             Origin             Length             Attributes
RAM              0x20000000         0x00010000         xrw
FLASH            0x08000000         0x00040000         xr
*default*        0x00000000         0xffffffff

Linker script and memory map

LOAD c:/arm/cross-cortex/bin/../lib/gcc/arm-none-eabi/10.3.1/thumb/v7e-m/nofp/crti.o
LOAD c:/arm/cross-cortex/bin/../lib/gcc/arm-none-eabi/10.3.1/thumb/v7e-m/nofp/crtbegin.o
LOAD c:/arm/cross-cortex/bin/../lib/gcc/arm-none-eabi/10.3.1/../../../../arm-none-eabi/lib/thumb/v7e-m/nofp/crt0.o
LOAD CMakeFiles/Appd.elf.dir/src/main.c.obj
LOAD CMakeFiles/Appd.elf.dir/src/stm32f4xx_it.c.obj
LOAD CMakeFiles/Appd.elf.dir/src/system_stm32f4xx.c.obj
LOAD CMakeFiles/Appd.elf.dir/src/startup_stm32f401xc.s.obj
LOAD CMakeFiles/Appd.elf.dir/Libraries/STM32F4xx_StdPeriph_Driver/src/stm32f4xx_gpio.c.obj
LOAD CMakeFiles/Appd.elf.dir/Libraries/STM32F4xx_StdPeriph_Driver/src/stm32f4xx_i2c.c.obj
LOAD CMakeFiles/Appd.elf.dir/Libraries/STM32F4xx_StdPeriph_Driver/src/stm32f4xx_flash.c.obj
LOAD CMakeFiles/Appd.elf.dir/Libraries/STM32F4xx_StdPeriph_Driver/src/stm32f4xx_rcc.c.obj
LOAD CMakeFiles/Appd.elf.dir/Libraries/STM32F4xx_StdPeriph_Driver/src/stm32f4xx_exti.c.obj
LOAD CMakeFiles/Appd.elf.dir/Libraries/STM32F4xx_StdPeriph_Driver/src/stm32f4xx_usart.c.obj
LOAD CMakeFiles/Appd.elf.dir/Libraries/STM32F4xx_StdPeriph_Driver/src/stm32f4xx_pwr.c.obj
LOAD CMakeFiles/Appd.elf.dir/Libraries/STM32F4xx_StdPeriph_Driver/src/stm32f4xx_tim.c.obj
LOAD CMakeFiles/Appd.elf.dir/Libraries/STM32F4xx_StdPeriph_Driver/src/misc.c.obj
START GROUP
LOAD c:/arm/cross-cortex/bin/../lib/gcc/arm-none-eabi/10.3.1/thumb/v7e-m/nofp\libgcc.a
LOAD c:/arm/cross-cortex/bin/../lib/gcc/arm-none-eabi/10.3.1/../../../../arm-none-eabi/lib/thumb/v7e-m/nofp\libg_nano.a
LOAD c:/arm/cross-cortex/bin/../lib/gcc/arm-none-eabi/10.3.1/../../../../arm-none-eabi/lib/thumb/v7e-m/nofp\libc_nano.a
END GROUP
START GROUP
LOAD c:/arm/cross-cortex/bin/../lib/gcc/arm-none-eabi/10.3.1/thumb/v7e-m/nofp\libgcc.a
LOAD c:/arm/cross-cortex/bin/../lib/gcc/arm-none-eabi/10.3.1/../../../../arm-none-eabi/lib/thumb/v7e-m/nofp\libc_nano.a
LOAD c:/arm/cross-cortex/bin/../lib/gcc/arm-none-eabi/10.3.1/../../../../arm-none-eabi/lib/thumb/v7e-m/nofp\libnosys.a
END GROUP
START GROUP
LOAD c:/arm/cross-cortex/bin/../lib/gcc/arm-none-eabi/10.3.1/thumb/v7e-m/nofp\libgcc.a
LOAD c:/arm/cross-cortex/bin/../lib/gcc/arm-none-eabi/10.3.1/../../../../arm-none-eabi/lib/thumb/v7e-m/nofp\libc_nano.a
LOAD c:/arm/cross-cortex/bin/../lib/gcc/arm-none-eabi/10.3.1/../../../../arm-none-eabi/lib/thumb/v7e-m/nofp\libnosys.a
END GROUP
LOAD c:/arm/cross-cortex/bin/../lib/gcc/arm-none-eabi/10.3.1/thumb/v7e-m/nofp/crtend.o
LOAD c:/arm/cross-cortex/bin/../lib/gcc/arm-none-eabi/10.3.1/thumb/v7e-m/nofp/crtn.o
                0x20010000                _estack = 0x20010000
                0x00000200                _Min_Heap_Size = 0x200
                0x00000400                _Min_Stack_Size = 0x400

.isr_vector     0x08000000      0x194
                0x08000000                . = ALIGN (0x4)
 *(.isr_vector)
 .isr_vector    0x08000000      0x194 CMakeFiles/Appd.elf.dir/src/startup_stm32f401xc.s.obj
                0x08000000                g_pfnVectors
                0x08000194                . = ALIGN (0x4)

.text           0x08000194      0x71c
                0x08000194                . = ALIGN (0x4)
 *(.text)
 .text          0x08000194       0x40 c:/arm/cross-cortex/bin/../lib/gcc/arm-none-eabi/10.3.1/thumb/v7e-m/nofp/crtbegin.o
 *(.text*)
 .text.Soft_Delay
                0x080001d4       0x12 CMakeFiles/Appd.elf.dir/src/main.c.obj
                0x080001d4                Soft_Delay
 *fill*         0x080001e6        0x2 
 .text.main     0x080001e8       0x5c CMakeFiles/Appd.elf.dir/src/main.c.obj
                0x080001e8                main
 .text.assert_failed
                0x08000244        0x2 CMakeFiles/Appd.elf.dir/src/main.c.obj
                0x08000244                assert_failed
 .text.NMI_Handler
                0x08000246       0x22 CMakeFiles/Appd.elf.dir/src/stm32f4xx_it.c.obj
                0x08000246                NMI_Handler
 .text.HardFault_Handler
                0x08000268        0x2 CMakeFiles/Appd.elf.dir/src/stm32f4xx_it.c.obj
                0x08000268                HardFault_Handler
 .text.MemManage_Handler
                0x0800026a        0x2 CMakeFiles/Appd.elf.dir/src/stm32f4xx_it.c.obj
                0x0800026a                MemManage_Handler
 .text.BusFault_Handler
                0x0800026c        0x2 CMakeFiles/Appd.elf.dir/src/stm32f4xx_it.c.obj
                0x0800026c                BusFault_Handler
 .text.UsageFault_Handler
                0x0800026e        0x2 CMakeFiles/Appd.elf.dir/src/stm32f4xx_it.c.obj
                0x0800026e                UsageFault_Handler
 .text.SVC_Handler
                0x08000270        0x2 CMakeFiles/Appd.elf.dir/src/stm32f4xx_it.c.obj
                0x08000270                SVC_Handler
 .text.DebugMon_Handler
                0x08000272        0x2 CMakeFiles/Appd.elf.dir/src/stm32f4xx_it.c.obj
                0x08000272                DebugMon_Handler
 .text.PendSV_Handler
                0x08000274        0x2 CMakeFiles/Appd.elf.dir/src/stm32f4xx_it.c.obj
                0x08000274                PendSV_Handler
 .text.SysTick_Handler
                0x08000276        0x2 CMakeFiles/Appd.elf.dir/src/stm32f4xx_it.c.obj
                0x08000276                SysTick_Handler
 .text.RCC_IRQHandler
                0x08000278       0x44 CMakeFiles/Appd.elf.dir/src/stm32f4xx_it.c.obj
                0x08000278                RCC_IRQHandler
 .text.SetSysClock
                0x080002bc       0xc0 CMakeFiles/Appd.elf.dir/src/system_stm32f4xx.c.obj
 .text.SystemInit
                0x0800037c       0x44 CMakeFiles/Appd.elf.dir/src/system_stm32f4xx.c.obj
                0x0800037c                SystemInit
 .text.Reset_Handler
                0x080003c0       0x50 CMakeFiles/Appd.elf.dir/src/startup_stm32f401xc.s.obj
                0x080003c0                Reset_Handler
 .text.Default_Handler
                0x08000410        0x2 CMakeFiles/Appd.elf.dir/src/startup_stm32f401xc.s.obj
                0x08000410                RTC_Alarm_IRQHandler
                0x08000410                EXTI2_IRQHandler
                0x08000410                SPI4_IRQHandler
                0x08000410                TIM1_CC_IRQHandler
                0x08000410                DMA2_Stream5_IRQHandler
                0x08000410                DMA1_Stream5_IRQHandler
                0x08000410                PVD_IRQHandler
                0x08000410                SDIO_IRQHandler
                0x08000410                TAMP_STAMP_IRQHandler
                0x08000410                EXTI3_IRQHandler
                0x08000410                TIM1_UP_TIM10_IRQHandler
                0x08000410                I2C3_ER_IRQHandler
                0x08000410                EXTI0_IRQHandler
                0x08000410                I2C2_EV_IRQHandler
                0x08000410                DMA1_Stream2_IRQHandler
                0x08000410                FPU_IRQHandler
                0x08000410                DMA2_Stream2_IRQHandler
                0x08000410                SPI1_IRQHandler
                0x08000410                TIM1_BRK_TIM9_IRQHandler
                0x08000410                DMA2_Stream3_IRQHandler
                0x08000410                USART6_IRQHandler
                0x08000410                DMA2_Stream0_IRQHandler
                0x08000410                TIM4_IRQHandler
                0x08000410                I2C1_EV_IRQHandler
                0x08000410                DMA1_Stream6_IRQHandler
                0x08000410                DMA1_Stream1_IRQHandler
                0x08000410                TIM3_IRQHandler
                0x08000410                Default_Handler
                0x08000410                EXTI15_10_IRQHandler
                0x08000410                ADC_IRQHandler
                0x08000410                DMA1_Stream7_IRQHandler
                0x08000410                TIM5_IRQHandler
                0x08000410                DMA2_Stream7_IRQHandler
                0x08000410                I2C3_EV_IRQHandler
                0x08000410                EXTI9_5_IRQHandler
                0x08000410                RTC_WKUP_IRQHandler
                0x08000410                SPI2_IRQHandler
                0x08000410                DMA1_Stream0_IRQHandler
                0x08000410                EXTI4_IRQHandler
                0x08000410                WWDG_IRQHandler
                0x08000410                TIM2_IRQHandler
                0x08000410                OTG_FS_WKUP_IRQHandler
                0x08000410                TIM1_TRG_COM_TIM11_IRQHandler
                0x08000410                EXTI1_IRQHandler
                0x08000410                USART2_IRQHandler
                0x08000410                I2C2_ER_IRQHandler
                0x08000410                DMA2_Stream1_IRQHandler
                0x08000410                FLASH_IRQHandler
                0x08000410                DMA2_Stream4_IRQHandler
                0x08000410                USART1_IRQHandler
                0x08000410                OTG_FS_IRQHandler
                0x08000410                SPI3_IRQHandler
                0x08000410                DMA1_Stream4_IRQHandler
                0x08000410                I2C1_ER_IRQHandler
                0x08000410                DMA2_Stream6_IRQHandler
                0x08000410                DMA1_Stream3_IRQHandler
 *fill*         0x08000412        0x2 
 .text.GPIO_Init
                0x08000414      0x144 CMakeFiles/Appd.elf.dir/Libraries/STM32F4xx_StdPeriph_Driver/src/stm32f4xx_gpio.c.obj
                0x08000414                GPIO_Init
 .text.GPIO_SetBits
                0x08000558       0x80 CMakeFiles/Appd.elf.dir/Libraries/STM32F4xx_StdPeriph_Driver/src/stm32f4xx_gpio.c.obj
                0x08000558                GPIO_SetBits
 .text.GPIO_ResetBits
                0x080005d8       0x80 CMakeFiles/Appd.elf.dir/Libraries/STM32F4xx_StdPeriph_Driver/src/stm32f4xx_gpio.c.obj
                0x080005d8                GPIO_ResetBits
 .text.RCC_HSEConfig
                0x08000658       0x2c CMakeFiles/Appd.elf.dir/Libraries/STM32F4xx_StdPeriph_Driver/src/stm32f4xx_rcc.c.obj
                0x08000658                RCC_HSEConfig
 .text.RCC_PLLCmd
                0x08000684       0x24 CMakeFiles/Appd.elf.dir/Libraries/STM32F4xx_StdPeriph_Driver/src/stm32f4xx_rcc.c.obj
                0x08000684                RCC_PLLCmd
 .text.RCC_SYSCLKConfig
                0x080006a8       0x2c CMakeFiles/Appd.elf.dir/Libraries/STM32F4xx_StdPeriph_Driver/src/stm32f4xx_rcc.c.obj
                0x080006a8                RCC_SYSCLKConfig
 .text.RCC_AHB1PeriphClockCmd
                0x080006d4       0x4c CMakeFiles/Appd.elf.dir/Libraries/STM32F4xx_StdPeriph_Driver/src/stm32f4xx_rcc.c.obj
                0x080006d4                RCC_AHB1PeriphClockCmd
 .text.RCC_ITConfig
                0x08000720       0x48 CMakeFiles/Appd.elf.dir/Libraries/STM32F4xx_StdPeriph_Driver/src/stm32f4xx_rcc.c.obj
                0x08000720                RCC_ITConfig
 .text.RCC_GetFlagStatus
                0x08000768       0x80 CMakeFiles/Appd.elf.dir/Libraries/STM32F4xx_StdPeriph_Driver/src/stm32f4xx_rcc.c.obj
                0x08000768                RCC_GetFlagStatus
 .text.RCC_GetITStatus
                0x080007e8       0x48 CMakeFiles/Appd.elf.dir/Libraries/STM32F4xx_StdPeriph_Driver/src/stm32f4xx_rcc.c.obj
                0x080007e8                RCC_GetITStatus
 .text.RCC_ClearITPendingBit
                0x08000830       0x20 CMakeFiles/Appd.elf.dir/Libraries/STM32F4xx_StdPeriph_Driver/src/stm32f4xx_rcc.c.obj
                0x08000830                RCC_ClearITPendingBit
 .text.__libc_init_array
                0x08000850       0x48 c:/arm/cross-cortex/bin/../lib/gcc/arm-none-eabi/10.3.1/../../../../arm-none-eabi/lib/thumb/v7e-m/nofp\libg_nano.a(lib_a-init.o)
                0x08000850                __libc_init_array
 *(.glue_7)
 .glue_7        0x08000898        0x0 linker stubs
 *(.glue_7t)
 .glue_7t       0x08000898        0x0 linker stubs
 *(.eh_frame)
 .eh_frame      0x08000898        0x0 c:/arm/cross-cortex/bin/../lib/gcc/arm-none-eabi/10.3.1/thumb/v7e-m/nofp/crtbegin.o
 *(.init)
 .init          0x08000898        0x4 c:/arm/cross-cortex/bin/../lib/gcc/arm-none-eabi/10.3.1/thumb/v7e-m/nofp/crti.o
                0x08000898                _init
 .init          0x0800089c        0x8 c:/arm/cross-cortex/bin/../lib/gcc/arm-none-eabi/10.3.1/thumb/v7e-m/nofp/crtn.o
 *(.fini)
 .fini          0x080008a4        0x4 c:/arm/cross-cortex/bin/../lib/gcc/arm-none-eabi/10.3.1/thumb/v7e-m/nofp/crti.o
                0x080008a4                _fini
 .fini          0x080008a8        0x8 c:/arm/cross-cortex/bin/../lib/gcc/arm-none-eabi/10.3.1/thumb/v7e-m/nofp/crtn.o
                0x080008b0                . = ALIGN (0x4)
                0x080008b0                _etext = .

.vfp11_veneer   0x080008b0        0x0
 .vfp11_veneer  0x080008b0        0x0 linker stubs

.v4_bx          0x080008b0        0x0
 .v4_bx         0x080008b0        0x0 linker stubs

.iplt           0x080008b0        0x0
 .iplt          0x080008b0        0x0 c:/arm/cross-cortex/bin/../lib/gcc/arm-none-eabi/10.3.1/thumb/v7e-m/nofp/crtbegin.o

.rodata         0x080008b0       0x7c
                0x080008b0                . = ALIGN (0x4)
 *(.rodata)
 *(.rodata*)
 .rodata.GPIO_DeInit.str1.4
                0x080008b0       0x3d CMakeFiles/Appd.elf.dir/Libraries/STM32F4xx_StdPeriph_Driver/src/stm32f4xx_gpio.c.obj
 *fill*         0x080008ed        0x3 
 .rodata.RCC_HSEConfig.str1.4
                0x080008f0       0x3c CMakeFiles/Appd.elf.dir/Libraries/STM32F4xx_StdPeriph_Driver/src/stm32f4xx_rcc.c.obj
                0x0800092c                . = ALIGN (0x4)

.rel.dyn        0x0800092c        0x0
 .rel.iplt      0x0800092c        0x0 c:/arm/cross-cortex/bin/../lib/gcc/arm-none-eabi/10.3.1/thumb/v7e-m/nofp/crtbegin.o

.ARM.extab
 *(.ARM.extab* .gnu.linkonce.armextab.*)

.ARM            0x0800092c        0x0
                0x0800092c                __exidx_start = .
 *(.ARM.exidx*)
                0x0800092c                __exidx_end = .

.preinit_array  0x0800092c        0x0
                0x0800092c                PROVIDE (__preinit_array_start = .)
 *(.preinit_array*)
                0x0800092c                PROVIDE (__preinit_array_end = .)

.init_array     0x0800092c        0x4
                0x0800092c                PROVIDE (__init_array_start = .)
 *(SORT_BY_NAME(.init_array.*))
 *(.init_array*)
 .init_array    0x0800092c        0x4 c:/arm/cross-cortex/bin/../lib/gcc/arm-none-eabi/10.3.1/thumb/v7e-m/nofp/crtbegin.o
                0x08000930                PROVIDE (__init_array_end = .)

.fini_array     0x08000930        0x4
                [!provide]                PROVIDE (__fini_array_start = .)
 *(SORT_BY_NAME(.fini_array.*))
 *(.fini_array*)
 .fini_array    0x08000930        0x4 c:/arm/cross-cortex/bin/../lib/gcc/arm-none-eabi/10.3.1/thumb/v7e-m/nofp/crtbegin.o
                [!provide]                PROVIDE (__fini_array_end = .)
                0x08000934                _sidata = LOADADDR (.data)

.data           0x20000000        0x0 load address 0x08000934
                0x20000000                . = ALIGN (0x4)
                0x20000000                _sdata = .
 *(.data)
 *(.data*)
                0x20000000                . = ALIGN (0x4)
                0x20000000                _edata = .

.igot.plt       0x20000000        0x0 load address 0x08000934
 .igot.plt      0x20000000        0x0 c:/arm/cross-cortex/bin/../lib/gcc/arm-none-eabi/10.3.1/thumb/v7e-m/nofp/crtbegin.o
                0x20000000                . = ALIGN (0x4)

.bss            0x20000000       0x1c load address 0x08000934
                0x20000000                _sbss = .
                0x20000000                __bss_start__ = _sbss
 *(.bss)
 .bss           0x20000000       0x1c c:/arm/cross-cortex/bin/../lib/gcc/arm-none-eabi/10.3.1/thumb/v7e-m/nofp/crtbegin.o
 *(.bss*)
 *(COMMON)
                0x2000001c                . = ALIGN (0x4)
                0x2000001c                _ebss = .
                0x2000001c                __bss_end__ = _ebss

._user_heap_stack
                0x2000001c      0x604 load address 0x08000934
                0x20000020                . = ALIGN (0x8)
 *fill*         0x2000001c        0x4 
                [!provide]                PROVIDE (end = .)
                [!provide]                PROVIDE (_end = .)
                0x20000220                . = (. + _Min_Heap_Size)
 *fill*         0x20000020      0x200 
                0x20000620                . = (. + _Min_Stack_Size)
 *fill*         0x20000220      0x400 
                0x20000620                . = ALIGN (0x8)

/DISCARD/
 libc.a(*)
 libm.a(*)
 libgcc.a(*)

.ARM.attributes
                0x00000000       0x2a
 *(.ARM.attributes)
 .ARM.attributes
                0x00000000       0x1e c:/arm/cross-cortex/bin/../lib/gcc/arm-none-eabi/10.3.1/thumb/v7e-m/nofp/crti.o
 .ARM.attributes
                0x0000001e       0x2e c:/arm/cross-cortex/bin/../lib/gcc/arm-none-eabi/10.3.1/thumb/v7e-m/nofp/crtbegin.o
 .ARM.attributes
                0x0000004c       0x2e CMakeFiles/Appd.elf.dir/src/main.c.obj
 .ARM.attributes
                0x0000007a       0x2e CMakeFiles/Appd.elf.dir/src/stm32f4xx_it.c.obj
 .ARM.attributes
                0x000000a8       0x2e CMakeFiles/Appd.elf.dir/src/system_stm32f4xx.c.obj
 .ARM.attributes
                0x000000d6       0x21 CMakeFiles/Appd.elf.dir/src/startup_stm32f401xc.s.obj
 .ARM.attributes
                0x000000f7       0x2e CMakeFiles/Appd.elf.dir/Libraries/STM32F4xx_StdPeriph_Driver/src/stm32f4xx_gpio.c.obj
 .ARM.attributes
                0x00000125       0x2e CMakeFiles/Appd.elf.dir/Libraries/STM32F4xx_StdPeriph_Driver/src/stm32f4xx_rcc.c.obj
 .ARM.attributes
                0x00000153       0x2e c:/arm/cross-cortex/bin/../lib/gcc/arm-none-eabi/10.3.1/../../../../arm-none-eabi/lib/thumb/v7e-m/nofp\libg_nano.a(lib_a-init.o)
 .ARM.attributes
                0x00000181       0x1e c:/arm/cross-cortex/bin/../lib/gcc/arm-none-eabi/10.3.1/thumb/v7e-m/nofp/crtn.o
OUTPUT(Appd.elf elf32-littlearm)
LOAD linker stubs
LOAD c:/arm/cross-cortex/bin/../lib/gcc/arm-none-eabi/10.3.1/../../../../arm-none-eabi/lib/thumb/v7e-m/nofp\libc.a
LOAD c:/arm/cross-cortex/bin/../lib/gcc/arm-none-eabi/10.3.1/../../../../arm-none-eabi/lib/thumb/v7e-m/nofp\libm.a
LOAD c:/arm/cross-cortex/bin/../lib/gcc/arm-none-eabi/10.3.1/thumb/v7e-m/nofp\libgcc.a

.debug_info     0x00000000     0x3053
 .debug_info    0x00000000      0x425 CMakeFiles/Appd.elf.dir/src/main.c.obj
 .debug_info    0x00000425      0x2d2 CMakeFiles/Appd.elf.dir/src/stm32f4xx_it.c.obj
 .debug_info    0x000006f7      0x661 CMakeFiles/Appd.elf.dir/src/system_stm32f4xx.c.obj
 .debug_info    0x00000d58       0x22 CMakeFiles/Appd.elf.dir/src/startup_stm32f401xc.s.obj
 .debug_info    0x00000d7a      0xc16 CMakeFiles/Appd.elf.dir/Libraries/STM32F4xx_StdPeriph_Driver/src/stm32f4xx_gpio.c.obj
 .debug_info    0x00001990     0x16c3 CMakeFiles/Appd.elf.dir/Libraries/STM32F4xx_StdPeriph_Driver/src/stm32f4xx_rcc.c.obj

.debug_abbrev   0x00000000      0x82f
 .debug_abbrev  0x00000000      0x1a4 CMakeFiles/Appd.elf.dir/src/main.c.obj
 .debug_abbrev  0x000001a4       0xcb CMakeFiles/Appd.elf.dir/src/stm32f4xx_it.c.obj
 .debug_abbrev  0x0000026f      0x187 CMakeFiles/Appd.elf.dir/src/system_stm32f4xx.c.obj
 .debug_abbrev  0x000003f6       0x12 CMakeFiles/Appd.elf.dir/src/startup_stm32f401xc.s.obj
 .debug_abbrev  0x00000408      0x210 CMakeFiles/Appd.elf.dir/Libraries/STM32F4xx_StdPeriph_Driver/src/stm32f4xx_gpio.c.obj
 .debug_abbrev  0x00000618      0x217 CMakeFiles/Appd.elf.dir/Libraries/STM32F4xx_StdPeriph_Driver/src/stm32f4xx_rcc.c.obj

.debug_aranges  0x00000000      0x318
 .debug_aranges
                0x00000000       0x38 CMakeFiles/Appd.elf.dir/src/main.c.obj
 .debug_aranges
                0x00000038       0x68 CMakeFiles/Appd.elf.dir/src/stm32f4xx_it.c.obj
 .debug_aranges
                0x000000a0       0x30 CMakeFiles/Appd.elf.dir/src/system_stm32f4xx.c.obj
 .debug_aranges
                0x000000d0       0x28 CMakeFiles/Appd.elf.dir/src/startup_stm32f401xc.s.obj
 .debug_aranges
                0x000000f8       0x88 CMakeFiles/Appd.elf.dir/Libraries/STM32F4xx_StdPeriph_Driver/src/stm32f4xx_gpio.c.obj
 .debug_aranges
                0x00000180      0x198 CMakeFiles/Appd.elf.dir/Libraries/STM32F4xx_StdPeriph_Driver/src/stm32f4xx_rcc.c.obj

.debug_ranges   0x00000000      0x2c0
 .debug_ranges  0x00000000       0x28 CMakeFiles/Appd.elf.dir/src/main.c.obj
 .debug_ranges  0x00000028       0x58 CMakeFiles/Appd.elf.dir/src/stm32f4xx_it.c.obj
 .debug_ranges  0x00000080       0x20 CMakeFiles/Appd.elf.dir/src/system_stm32f4xx.c.obj
 .debug_ranges  0x000000a0       0x20 CMakeFiles/Appd.elf.dir/src/startup_stm32f401xc.s.obj
 .debug_ranges  0x000000c0       0x78 CMakeFiles/Appd.elf.dir/Libraries/STM32F4xx_StdPeriph_Driver/src/stm32f4xx_gpio.c.obj
 .debug_ranges  0x00000138      0x188 CMakeFiles/Appd.elf.dir/Libraries/STM32F4xx_StdPeriph_Driver/src/stm32f4xx_rcc.c.obj

.debug_line     0x00000000     0x2477
 .debug_line    0x00000000      0x24a CMakeFiles/Appd.elf.dir/src/main.c.obj
 .debug_line    0x0000024a      0x293 CMakeFiles/Appd.elf.dir/src/stm32f4xx_it.c.obj
 .debug_line    0x000004dd      0x38f CMakeFiles/Appd.elf.dir/src/system_stm32f4xx.c.obj
 .debug_line    0x0000086c       0x7a CMakeFiles/Appd.elf.dir/src/startup_stm32f401xc.s.obj
 .debug_line    0x000008e6      0xa37 CMakeFiles/Appd.elf.dir/Libraries/STM32F4xx_StdPeriph_Driver/src/stm32f4xx_gpio.c.obj
 .debug_line    0x0000131d     0x115a CMakeFiles/Appd.elf.dir/Libraries/STM32F4xx_StdPeriph_Driver/src/stm32f4xx_rcc.c.obj

.debug_str      0x00000000      0xe05
 .debug_str     0x00000000      0x385 CMakeFiles/Appd.elf.dir/src/main.c.obj
                                0x3d3 (size before relaxing)
 .debug_str     0x00000385      0x124 CMakeFiles/Appd.elf.dir/src/stm32f4xx_it.c.obj
                                0x2c9 (size before relaxing)
 .debug_str     0x000004a9      0x22a CMakeFiles/Appd.elf.dir/src/system_stm32f4xx.c.obj
                                0x3ec (size before relaxing)
 .debug_str     0x000006d3       0x2b CMakeFiles/Appd.elf.dir/src/startup_stm32f401xc.s.obj
                                 0x5e (size before relaxing)
 .debug_str     0x000006fe      0x191 CMakeFiles/Appd.elf.dir/Libraries/STM32F4xx_StdPeriph_Driver/src/stm32f4xx_gpio.c.obj
                                0x4fa (size before relaxing)
 .debug_str     0x0000088f      0x576 CMakeFiles/Appd.elf.dir/Libraries/STM32F4xx_StdPeriph_Driver/src/stm32f4xx_rcc.c.obj
                                0x94f (size before relaxing)

.comment        0x00000000       0x49
 .comment       0x00000000       0x49 CMakeFiles/Appd.elf.dir/src/main.c.obj
                                 0x4a (size before relaxing)
 .comment       0x00000049       0x4a CMakeFiles/Appd.elf.dir/src/stm32f4xx_it.c.obj
 .comment       0x00000049       0x4a CMakeFiles/Appd.elf.dir/src/system_stm32f4xx.c.obj
 .comment       0x00000049       0x4a CMakeFiles/Appd.elf.dir/Libraries/STM32F4xx_StdPeriph_Driver/src/stm32f4xx_gpio.c.obj
 .comment       0x00000049       0x4a CMakeFiles/Appd.elf.dir/Libraries/STM32F4xx_StdPeriph_Driver/src/stm32f4xx_rcc.c.obj

.debug_frame    0x00000000      0x7f8
 .debug_frame   0x00000000       0x60 CMakeFiles/Appd.elf.dir/src/main.c.obj
 .debug_frame   0x00000060       0xc0 CMakeFiles/Appd.elf.dir/src/stm32f4xx_it.c.obj
 .debug_frame   0x00000120       0x54 CMakeFiles/Appd.elf.dir/src/system_stm32f4xx.c.obj
 .debug_frame   0x00000174      0x18c CMakeFiles/Appd.elf.dir/Libraries/STM32F4xx_StdPeriph_Driver/src/stm32f4xx_gpio.c.obj
 .debug_frame   0x00000300      0x4cc CMakeFiles/Appd.elf.dir/Libraries/STM32F4xx_StdPeriph_Driver/src/stm32f4xx_rcc.c.obj
 .debug_frame   0x000007cc       0x2c c:/arm/cross-cortex/bin/../lib/gcc/arm-none-eabi/10.3.1/../../../../arm-none-eabi/lib/thumb/v7e-m/nofp\libg_nano.a(lib_a-init.o)

.debug_loc      0x00000000     0x1cf0
 .debug_loc     0x00000000      0x158 CMakeFiles/Appd.elf.dir/src/system_stm32f4xx.c.obj
 .debug_loc     0x00000158      0x573 CMakeFiles/Appd.elf.dir/Libraries/STM32F4xx_StdPeriph_Driver/src/stm32f4xx_gpio.c.obj
 .debug_loc     0x000006cb     0x1625 CMakeFiles/Appd.elf.dir/Libraries/STM32F4xx_StdPeriph_Driver/src/stm32f4xx_rcc.c.obj
